./app(+0x32976f)[0x555eedc6a76f]
/lib/x86_64-linux-gnu/libc.so.6(+0x45330)[0x73bbec845330]
/lib/x86_64-linux-gnu/libc.so.6(+0x188a01)[0x73bbec988a01]
/lib/x86_64-linux-gnu/libgallium-25.2.8-0ubuntu0.24.04.2.so(+0x774cde)[0x73bbe7174cde]
/lib/x86_64-linux-gnu/libgallium-25.2.8-0ubuntu0.24.04.2.so(+0x773e10)[0x73bbe7173e10]
/lib/x86_64-linux-gnu/libgallium-25.2.8-0ubuntu0.24.04.2.so(+0x315783)[0x73bbe6d15783]
/lib/x86_64-linux-gnu/libgallium-25.2.8-0ubuntu0.24.04.2.so(+0x316b5e)[0x73bbe6d16b5e]
/lib/x86_64-linux-gnu/libgallium-25.2.8-0ubuntu0.24.04.2.so(+0x38435e)[0x73bbe6d8435e]
/lib/x86_64-linux-gnu/libgallium-25.2.8-0ubuntu0.24.04.2.so(+0x140af1)[0x73bbe6b40af1]
/lib/x86_64-linux-gnu/libgallium-25.2.8-0ubuntu0.24.04.2.so(+0x141186)[0x73bbe6b41186]
/lib/x86_64-linux-gnu/libgallium-25.2.8-0ubuntu0.24.04.2.so(+0x24f8d7)[0x73bbe6c4f8d7]
./app(+0x32b46d)[0x555eedc6c46d]
/lib/x86_64-linux-gnu/libc.so.6(+0x2a1ca)[0x73bbec82a1ca]
/lib/x86_64-linux-gnu/libc.so.6(__libc_start_main+0x8b)[0x73bbec82a28b]
./app(+0x13915)[0x555eed954915]
=== CRASH LOG ===
Signal: 11

Backtrace (15 frames):

Demangled frames:
#0 0x555eedc6a76f 
#1 0x73bbec845330 
#2 0x73bbec988a01 
#3 0x73bbe7174cde 
#4 0x73bbe7173e10 
#5 0x73bbe6d15783 
#6 0x73bbe6d16b5e 
#7 0x73bbe6d8435e 
#8 0x73bbe6b40af1 
#9 0x73bbe6b41186 
#10 0x73bbe6c4f8d7 
#11 0x555eedc6c46d 
#12 0x73bbec82a1ca 
#13 0x73bbec82a28b __libc_start_main
#14 0x555eed954915 
