[Mesh] Bone palette size: 50 (remapped 61686 bone influences)
[Mesh] Global→Local bone mapping (first 5): 55→49 56→48 58→47 57→46 29→45 
[Mesh] First 3 vertices' bone IDs (LOCAL): [V0: 0 ] [V1: 0 ] [V2: 0 ] 
[Mesh] Bone palette size: 39 (remapped 46200 bone influences)
[Mesh] Global→Local bone mapping (first 5): 62→38 57→37 56→36 61→35 41→34 
[Mesh] First 3 vertices' bone IDs (LOCAL): [V0: 0 ] [V1: 0 ] [V2: 0 ] 
Skeleton root bone index: 0
Model loaded: assets/bot.fbx | Bones: 65
Vertices influenced by bones: 99796
Root bone index: 0
Root bone name: 0

[BIND POSE DEBUG]
  B0 offset_pos=vec3(-0.000045, -104.286247, -0.207324) scale=(1, 1, 1)
  B1 offset_pos=vec3(0.000012, -112.964645, -18.496254) scale=(1, 1, 1)
  B2 offset_pos=vec3(0.000012, -122.967323, -18.496254) scale=(1, 1, 1)
  B3 offset_pos=vec3(0.000022, -132.722107, -15.081134) scale=(1, 1, 1)
  B4 offset_pos=vec3(0.000022, -149.587433, -15.081134) scale=(1, 1, 1)

[LEG BONE OFFSETS]
  B55 (rightupleg) offset_pos=vec3(-8.207796, 97.520592, -0.715090)
  B56 (rightleg) offset_pos=vec3(-8.207794, 53.049332, 3.333094)
  B57 (rightfoot) offset_pos=vec3(-8.207796, 7.640914, -5.034102)
  B58 (righttoebase) offset_pos=vec3(-8.207794, -7.967722, -0.001319)
  B59 (righttoeend) offset_pos=vec3(-8.205552, -17.245842, -0.191859)
  B60 (leftupleg) offset_pos=vec3(8.207780, 97.520546, -0.717334)
  B61 (leftleg) offset_pos=vec3(8.207782, 53.049389, 3.333095)
  B62 (leftfoot) offset_pos=vec3(8.207780, 7.640835, -5.034269)
  B63 (lefttoebase) offset_pos=vec3(8.207782, -7.967884, -0.001401)
  B64 (lefttoeend) offset_pos=vec3(8.205436, -17.246021, -0.196226)

LeftFoot index: 62
RightFoot index: 57
LeftToe index: 63
RightToe index: 58
Loaded animation: mixamo.com | duration: 430 | ticksPerSecond: 30 | Total keyframes: 15962
Loaded animation: mixamo.com | duration: 35 | ticksPerSecond: 30 | Total keyframes: 822
Loaded animation: mixamo.com | duration: 16 | ticksPerSecond: 30 | Total keyframes: 404

========== IDLE ANIMATION CHANNELS ==========
==== Animation Bone Channels ====
head | ROT (431 frames)
hips | POS ROT (431 frames)
leftarm | ROT (431 frames)
leftfoot | ROT (431 frames)
leftforearm | ROT (431 frames)
lefthand | ROT (431 frames)
lefthandindex1 | ROT (431 frames)
lefthandindex2 | ROT (431 frames)
lefthandindex3 | ROT (431 frames)
lefthandmiddle1 | ROT (431 frames)
lefthandmiddle2 | ROT (431 frames)
lefthandmiddle3 | ROT (431 frames)
lefthandpinky1 | ROT (431 frames)
lefthandpinky2 | ROT (431 frames)
lefthandpinky3 | ROT (431 frames)
lefthandring1 | ROT (431 frames)
lefthandring2 | ROT (431 frames)
lefthandring3 | ROT (431 frames)
lefthandthumb1 | ROT (431 frames)
lefthandthumb2 | ROT (431 frames)
lefthandthumb3 | ROT (431 frames)
leftleg | ROT (431 frames)
leftshoulder | ROT (431 frames)
lefttoebase | ROT (431 frames)
leftupleg | ROT (431 frames)
neck | ROT (431 frames)
rightarm | ROT (431 frames)
rightfoot | ROT (431 frames)
rightforearm | ROT (431 frames)
righthand | ROT (431 frames)
righthandindex1 | (1 frames)
righthandindex2 | (1 frames)
righthandindex3 | (1 frames)
righthandmiddle1 | (1 frames)
righthandmiddle2 | (1 frames)
righthandmiddle3 | (1 frames)
righthandpinky1 | (1 frames)
righthandpinky2 | (1 frames)
righthandpinky3 | (1 frames)
righthandring1 | (1 frames)
righthandring2 | (1 frames)
righthandring3 | (1 frames)
righthandthumb1 | (1 frames)
righthandthumb2 | (1 frames)
righthandthumb3 | (1 frames)
rightleg | ROT (431 frames)
rightshoulder | ROT (431 frames)
righttoebase | (431 frames)
rightupleg | ROT (431 frames)
spine | ROT (431 frames)
spine1 | (431 frames)
spine2 | (431 frames)

[DEBUG] Time: 0.000377297 / 430 | Bone matrices (first 5): B0 B1 B2 B3 B4 
Root motion applied: vec3(-0.002466, 0.000000, -0.004753)
Root motion applied: vec3(-0.000502, 0.000000, 0.002126)
Root motion applied: vec3(-0.000287, 0.000000, 0.000906)
Root motion applied: vec3(-0.000134, 0.000000, 0.000366)
Root motion applied: vec3(-0.000611, 0.000000, 0.001571)
Root motion applied: vec3(-0.001269, 0.000000, 0.002200)
Root motion applied: vec3(-0.001248, 0.000000, 0.001540)
Root motion applied: vec3(-0.001450, 0.000000, 0.001359)
Root motion applied: vec3(-0.001618, 0.000000, 0.001300)
Root motion applied: vec3(-0.001606, 0.000000, 0.001210)
Root motion applied: vec3(-0.001691, 0.000000, 0.001177)
Root motion applied: vec3(-0.001685, 0.000000, 0.001121)
Root motion applied: vec3(-0.001674, 0.000000, 0.001213)
Root motion applied: vec3(-0.001803, 0.000000, 0.001448)
Root motion applied: vec3(-0.001576, 0.000000, 0.001273)
Root motion applied: vec3(-0.001619, 0.000000, 0.001378)
Root motion applied: vec3(-0.001663, 0.000000, 0.001517)
Root motion applied: vec3(-0.001707, 0.000000, 0.001617)
Root motion applied: vec3(-0.001679, 0.000000, 0.001663)
Root motion applied: vec3(-0.001712, 0.000000, 0.001742)
Root motion applied: vec3(-0.001747, 0.000000, 0.001788)
Root motion applied: vec3(-0.001661, 0.000000, 0.001604)
Root motion applied: vec3(-0.001779, 0.000000, 0.001577)
Root motion applied: vec3(-0.001788, 0.000000, 0.001511)
Root motion applied: vec3(-0.001757, 0.000000, 0.001427)
Root motion applied: vec3(-0.001726, 0.000000, 0.001326)
Root motion applied: vec3(-0.001758, 0.000000, 0.001290)
Root motion applied: vec3(-0.001736, 0.000000, 0.001199)
Root motion applied: vec3(-0.001788, 0.000000, 0.001175)
Root motion applied: vec3(-0.001862, 0.000000, 0.001178)
[DEBUG] Time: 28.0645 / 430 | Bone matrices (first 5): B0 B1 B2 B3 B4 
Root motion applied: vec3(-0.001830, 0.000000, 0.001096)
Root motion applied: vec3(-0.001856, 0.000000, 0.001098)
Root motion applied: vec3(-0.001823, 0.000000, 0.001119)
Root motion applied: vec3(-0.001714, 0.000000, 0.001098)
Root motion applied: vec3(-0.001691, 0.000000, 0.001035)
Root motion applied: vec3(-0.001730, 0.000000, 0.001005)
Root motion applied: vec3(-0.002059, 0.000000, 0.001273)
Root motion applied: vec3(-0.001324, 0.000000, 0.000811)
Root motion applied: vec3(-0.001710, 0.000000, 0.000995)
Root motion applied: vec3(-0.001732, 0.000000, 0.001068)
Root motion applied: vec3(-0.001578, 0.000000, 0.000908)
Root motion applied: vec3(-0.001399, 0.000000, 0.000639)
Root motion applied: vec3(-0.001451, 0.000000, 0.000704)
Root motion applied: vec3(-0.001508, 0.000000, 0.000758)
Root motion applied: vec3(-0.001411, 0.000000, 0.000658)
Root motion applied: vec3(-0.001390, 0.000000, 0.000614)
Root motion applied: vec3(-0.001369, 0.000000, 0.000557)
Root motion applied: vec3(-0.001310, 0.000000, 0.000489)
Root motion applied: vec3(-0.001249, 0.000000, 0.000382)
Root motion applied: vec3(-0.001241, 0.000000, 0.000342)
Root motion applied: vec3(-0.001210, 0.000000, 0.000313)
Root motion applied: vec3(-0.001177, 0.000000, 0.000296)
Root motion applied: vec3(-0.001142, 0.000000, 0.000285)
Root motion applied: vec3(-0.001126, 0.000000, 0.000241)
Root motion applied: vec3(-0.001143, 0.000000, 0.000258)
Root motion applied: vec3(-0.001123, 0.000000, 0.000290)
Root motion applied: vec3(-0.001044, 0.000000, 0.000227)
Root motion applied: vec3(-0.001037, 0.000000, 0.000195)
Root motion applied: vec3(-0.001054, 0.000000, 0.000206)

[BONE DEBUG] Frame 120:
  B0 pos=vec3(-8.061901, -103.811569, 6.257662) scale=(1, 1, 1)
  B1 pos=vec3(-1.831393, -103.035767, 16.677631) scale=(1, 1, 1)
  B2 pos=vec3(-0.683236, -122.247040, 22.138693) scale=(1, 1, 1)
[LEG WORLD POS]
  W B55=vec3(-14.355097, -6.177208, 3.793742)
  W B56=vec3(-13.968423, 38.172668, 2.464586)
  W B57=vec3(-18.484577, 80.727371, -9.841059)
  W B58=vec3(-12.055617, 79.209511, 2.294440)
  W B59=vec3(-9.139722, 72.595810, 8.111666)
  W B60=vec3(1.806237, -6.587420, 0.945202)
  W B61=vec3(-1.985925, 37.601166, 2.289970)
  W B62=vec3(-6.351851, 79.900650, -10.916882)
  W B63=vec3(-2.833048, 78.306458, 2.348952)
  W B64=vec3(-2.469100, 69.045586, 2.782084)
Root motion applied: vec3(-0.001036, 0.000000, 0.000153)
[DEBUG] Time: 58.0396 / 430 | Bone matrices (first 5): B0 B1 B2 B3 B4 
Root motion applied: vec3(-0.001032, 0.000000, 0.000073)
Root motion applied: vec3(-0.001037, 0.000000, 0.000078)
Root motion applied: vec3(-0.000956, 0.000000, 0.000121)
Root motion applied: vec3(-0.000947, 0.000000, 0.000124)
Root motion applied: vec3(-0.000958, 0.000000, 0.000059)
Root motion applied: vec3(-0.000961, 0.000000, -0.000024)
Root motion applied: vec3(-0.000918, 0.000000, -0.000056)
Root motion applied: vec3(-0.000873, 0.000000, -0.000033)
Root motion applied: vec3(-0.000864, 0.000000, -0.000059)
Root motion applied: vec3(-0.000795, 0.000000, -0.000065)
Root motion applied: vec3(-0.000804, 0.000000, -0.000080)
Root motion applied: vec3(-0.000776, 0.000000, -0.000129)
Root motion applied: vec3(-0.000678, 0.000000, -0.000136)
Root motion applied: vec3(-0.000713, 0.000000, -0.000117)
Root motion applied: vec3(-0.000697, 0.000000, -0.000157)
Root motion applied: vec3(-0.000689, 0.000000, -0.000194)
Root motion applied: vec3(-0.000656, 0.000000, -0.000178)
Root motion applied: vec3(-0.000626, 0.000000, -0.000151)
Root motion applied: vec3(-0.000498, 0.000000, -0.000111)
Root motion applied: vec3(-0.000428, 0.000000, -0.000112)
Root motion applied: vec3(-0.000425, 0.000000, -0.000113)
Root motion applied: vec3(-0.000373, 0.000000, -0.000077)
Root motion applied: vec3(-0.000295, 0.000000, -0.000068)
Root motion applied: vec3(-0.000275, 0.000000, -0.000071)
Root motion applied: vec3(-0.000305, 0.000000, -0.000091)
Root motion applied: vec3(-0.000283, 0.000000, -0.000096)
Root motion applied: vec3(-0.000214, 0.000000, -0.000123)
Root motion applied: vec3(-0.000185, 0.000000, -0.000192)
Root motion applied: vec3(-0.000154, 0.000000, -0.000158)
Root motion applied: vec3(-0.000069, 0.000000, 0.010000)
[DEBUG] Time: 88.0087 / 430 | Bone matrices (first 5): B0 B1 B2 B3 B4 
Root motion applied: vec3(-0.000015, 0.000000, 0.010000)
Root motion applied: vec3(0.000039, 0.000000, -0.000146)
Root motion applied: vec3(0.000104, 0.000000, -0.000148)
Root motion applied: vec3(0.000120, 0.000000, -0.000091)
Root motion applied: vec3(0.000167, 0.000000, -0.000077)
Root motion applied: vec3(0.000216, 0.000000, -0.000050)
Root motion applied: vec3(0.000247, 0.000000, 0.000004)
Root motion applied: vec3(0.000180, 0.000000, -0.000023)
Root motion applied: vec3(0.000237, 0.000000, -0.000079)
Root motion applied: vec3(0.000219, 0.000000, -0.000015)
Root motion applied: vec3(0.000148, 0.000000, -0.000040)
Root motion applied: vec3(0.000186, 0.000000, -0.000132)
Root motion applied: vec3(0.000256, 0.000000, -0.000081)
Root motion applied: vec3(0.000214, 0.000000, -0.000025)
Root motion applied: vec3(0.000182, 0.000000, -0.000048)
Root motion applied: vec3(0.000171, 0.000000, -0.000058)
Root motion applied: vec3(0.000138, 0.000000, -0.000031)
Root motion applied: vec3(0.000090, 0.000000, 0.010000)
Root motion applied: vec3(0.000007, 0.000000, 0.010000)
Root motion applied: vec3(-0.000069, 0.000000, 0.010000)
Root motion applied: vec3(-0.000095, 0.000000, -0.000118)
Root motion applied: vec3(-0.000179, 0.000000, -0.000089)
Root motion applied: vec3(-0.000285, 0.000000, -0.000049)
Root motion applied: vec3(-0.000329, 0.000000, -0.000066)
Root motion applied: vec3(-0.000428, 0.000000, -0.000161)
Root motion applied: vec3(-0.000530, 0.000000, -0.000188)
Root motion applied: vec3(-0.000519, 0.000000, -0.000250)
Root motion applied: vec3(-0.000565, 0.000000, -0.000312)
Root motion applied: vec3(-0.000683, 0.000000, -0.000301)

[BONE DEBUG] Frame 240:
  B0 pos=vec3(-7.902943, -103.601883, 5.023585) scale=(1, 1, 1)
  B1 pos=vec3(-1.434572, -102.717522, 16.298010) scale=(1, 1, 1)
  B2 pos=vec3(-0.372740, -121.928352, 21.778025) scale=(1, 1, 1)
[LEG WORLD POS]
  W B55=vec3(-15.541309, -6.064886, 2.506904)
  W B56=vec3(-14.111477, 38.262367, 3.877383)
  W B57=vec3(-18.588995, 80.578255, -9.239188)
  W B58=vec3(-14.308578, 78.941284, 3.795540)
  W B59=vec3(-12.262775, 72.269676, 9.910103)
  W B60=vec3(0.834046, -6.193348, 1.365674)
  W B61=vec3(-3.531137, 37.948257, 2.499549)
  W B62=vec3(-6.611314, 80.156876, -11.345139)
  W B63=vec3(-5.629451, 78.509338, 2.337964)
  W B64=vec3(-5.118504, 69.252151, 2.694757)
Root motion applied: vec3(-0.000728, 0.000000, -0.000337)
[DEBUG] Time: 117.996 / 430 | Bone matrices (first 5): B0 B1 B2 B3 B4 
Root motion applied: vec3(-0.000718, 0.000000, -0.000367)
Root motion applied: vec3(-0.000734, 0.000000, -0.000368)
Root motion applied: vec3(-0.000773, 0.000000, -0.000486)
Root motion applied: vec3(-0.000848, 0.000000, -0.000492)
Root motion applied: vec3(-0.000825, 0.000000, -0.000491)
Root motion applied: vec3(-0.000777, 0.000000, -0.000565)
Root motion applied: vec3(-0.000764, 0.000000, -0.000570)
Root motion applied: vec3(-0.000740, 0.000000, -0.000564)
Root motion applied: vec3(-0.000652, 0.000000, -0.000567)
Root motion applied: vec3(-0.000511, 0.000000, -0.000519)
Root motion applied: vec3(-0.000443, 0.000000, -0.000490)
Root motion applied: vec3(-0.000320, 0.000000, -0.000532)
Root motion applied: vec3(-0.000195, 0.000000, -0.000528)
Root motion applied: vec3(-0.000053, 0.000000, -0.000450)
Root motion applied: vec3(0.000114, 0.000000, -0.000407)
Root motion applied: vec3(0.000307, 0.000000, -0.000384)
Root motion applied: vec3(0.000482, 0.000000, -0.000325)
Root motion applied: vec3(0.000671, 0.000000, -0.000277)
Root motion applied: vec3(0.000792, 0.000000, -0.000232)
Root motion applied: vec3(0.000833, 0.000000, -0.000201)
Root motion applied: vec3(0.000943, 0.000000, -0.000213)
Root motion applied: vec3(0.000989, 0.000000, -0.000171)
Root motion applied: vec3(0.001048, 0.000000, -0.000132)
Root motion applied: vec3(0.001119, 0.000000, -0.000133)
Root motion applied: vec3(0.001156, 0.000000, -0.000125)
Root motion applied: vec3(0.001266, 0.000000, -0.000093)
Root motion applied: vec3(0.001385, 0.000000, -0.000128)
Root motion applied: vec3(0.001490, 0.000000, -0.000122)
Root motion applied: vec3(0.001557, 0.000000, -0.000075)
Root motion applied: vec3(0.001717, 0.000000, -0.000184)
[DEBUG] Time: 147.958 / 430 | Bone matrices (first 5): B0 B1 B2 B3 B4 
Root motion applied: vec3(0.001897, 0.000000, -0.000197)
Root motion applied: vec3(0.002057, 0.000000, -0.000005)
Root motion applied: vec3(0.002297, 0.000000, -0.000110)
Root motion applied: vec3(0.002432, 0.000000, -0.000031)
Root motion applied: vec3(0.002497, 0.000000, 0.000183)
Root motion applied: vec3(0.002783, 0.000000, 0.000056)
Root motion applied: vec3(0.003079, 0.000000, -0.000045)
Root motion applied: vec3(0.003091, 0.000000, -0.000099)
Root motion applied: vec3(0.003441, 0.000000, -0.000189)
Root motion applied: vec3(0.003467, 0.000000, -0.000254)
Root motion applied: vec3(0.003735, 0.000000, -0.000370)
Root motion applied: vec3(0.003932, 0.000000, -0.000598)
Root motion applied: vec3(0.004181, 0.000000, -0.000816)
Root motion applied: vec3(0.004346, 0.000000, -0.000802)
Root motion applied: vec3(0.004425, 0.000000, -0.000918)
Root motion applied: vec3(0.004565, 0.000000, -0.001216)
Root motion applied: vec3(0.004559, 0.000000, -0.001431)
Root motion applied: vec3(0.004491, 0.000000, -0.001741)
Root motion applied: vec3(0.004269, 0.000000, -0.002046)
Root motion applied: vec3(0.004003, 0.000000, -0.002267)
Root motion applied: vec3(0.003655, 0.000000, -0.002375)
Root motion applied: vec3(0.003092, 0.000000, -0.002211)
Root motion applied: vec3(0.002642, 0.000000, -0.002039)
Root motion applied: vec3(0.002168, 0.000000, -0.001776)
Root motion applied: vec3(0.001756, 0.000000, -0.001361)
Root motion applied: vec3(0.001507, 0.000000, -0.001018)
Root motion applied: vec3(0.001203, 0.000000, -0.000773)
Root motion applied: vec3(0.000787, 0.000000, -0.000449)
Root motion applied: vec3(0.000329, 0.000000, -0.000042)

[BONE DEBUG] Frame 360:
  B0 pos=vec3(-3.653669, -103.015701, 4.660666) scale=(1, 1, 1)
  B1 pos=vec3(-10.049584, -102.270821, 10.956516) scale=(1, 1, 1)
  B2 pos=vec3(-12.162384, -121.535858, 15.917212) scale=(1, 1, 1)
[LEG WORLD POS]
  W B55=vec3(-9.131806, -5.466394, -1.019613)
  W B56=vec3(-5.471688, 38.652176, 1.977497)
  W B57=vec3(-2.746996, 80.840073, -12.004068)
  W B58=vec3(-4.223202, 79.632759, 1.680558)
  W B59=vec3(-5.341249, 73.179916, 8.252804)
  W B60=vec3(7.208391, -5.841144, 0.506417)
  W B61=vec3(5.751114, 38.476097, 2.142246)
  W B62=vec3(9.235365, 79.100128, -15.753984)
  W B63=vec3(5.521378, 78.124702, -2.481433)
  W B64=vec3(4.794880, 68.899017, -1.816156)
Root motion applied: vec3(0.000024, 0.000000, 0.000271)
[DEBUG] Time: 177.942 / 430 | Bone matrices (first 5): B0 B1 B2 B3 B4 
Root motion applied: vec3(-0.000294, 0.000000, 0.000680)
Root motion applied: vec3(-0.000614, 0.000000, 0.001171)
Root motion applied: vec3(-0.000993, 0.000000, 0.001598)
Root motion applied: vec3(-0.001502, 0.000000, 0.001863)
Root motion applied: vec3(-0.001975, 0.000000, 0.002243)
Root motion applied: vec3(-0.002268, 0.000000, 0.002543)
Root motion applied: vec3(-0.002639, 0.000000, 0.002599)
Root motion applied: vec3(-0.003120, 0.000000, 0.002531)
Root motion applied: vec3(-0.003560, 0.000000, 0.002414)
Root motion applied: vec3(-0.003991, 0.000000, 0.002339)
Root motion applied: vec3(-0.004430, 0.000000, 0.002419)
Root motion applied: vec3(-0.004730, 0.000000, 0.002650)
Root motion applied: vec3(-0.004788, 0.000000, 0.002857)
Root motion applied: vec3(-0.005075, 0.000000, 0.003032)
Root motion applied: vec3(-0.005225, 0.000000, 0.003123)
Root motion applied: vec3(-0.005122, 0.000000, 0.003218)
Root motion applied: vec3(-0.004960, 0.000000, 0.003237)
Root motion applied: vec3(-0.005040, 0.000000, 0.003236)
Root motion applied: vec3(-0.004709, 0.000000, 0.003232)
Root motion applied: vec3(-0.004574, 0.000000, 0.003348)
Root motion applied: vec3(-0.004528, 0.000000, 0.003180)
Root motion applied: vec3(-0.004223, 0.000000, 0.002849)
Root motion applied: vec3(-0.003951, 0.000000, 0.002583)
Root motion applied: vec3(-0.003662, 0.000000, 0.002210)
Root motion applied: vec3(-0.003422, 0.000000, 0.002111)
Root motion applied: vec3(-0.003036, 0.000000, 0.002090)
Root motion applied: vec3(-0.002688, 0.000000, 0.002021)
Root motion applied: vec3(-0.002328, 0.000000, 0.001871)
Root motion applied: vec3(-0.002097, 0.000000, 0.001751)
Root motion applied: vec3(-0.001784, 0.000000, 0.001655)
[DEBUG] Time: 207.916 / 430 | Bone matrices (first 5): B0 B1 B2 B3 B4 
Root motion applied: vec3(-0.001399, 0.000000, 0.001555)
Root motion applied: vec3(-0.000999, 0.000000, 0.001386)
Root motion applied: vec3(-0.000596, 0.000000, 0.001211)
Root motion applied: vec3(-0.000337, 0.000000, 0.001095)
Root motion applied: vec3(-0.000010, 0.000000, 0.000974)
Root motion applied: vec3(0.000400, 0.000000, 0.000867)
Root motion applied: vec3(0.000713, 0.000000, 0.000682)
Root motion applied: vec3(0.000909, 0.000000, 0.000371)
Root motion applied: vec3(0.001013, 0.000000, 0.000137)
Root motion applied: vec3(0.001079, 0.000000, -0.000094)
Root motion applied: vec3(0.001001, 0.000000, -0.000324)
Root motion applied: vec3(0.000907, 0.000000, -0.000542)
Root motion applied: vec3(0.000845, 0.000000, -0.000741)
Root motion applied: vec3(0.000705, 0.000000, -0.000929)
Root motion applied: vec3(0.000560, 0.000000, -0.001094)
Root motion applied: vec3(0.000520, 0.000000, -0.001366)
Root motion applied: vec3(0.000380, 0.000000, -0.001548)
Root motion applied: vec3(0.000191, 0.000000, -0.001723)
Root motion applied: vec3(0.000031, 0.000000, -0.001888)
Root motion applied: vec3(-0.000014, 0.000000, -0.002007)
Root motion applied: vec3(-0.000023, 0.000000, -0.002035)
Root motion applied: vec3(-0.000004, 0.000000, -0.001905)
Root motion applied: vec3(0.000154, 0.000000, -0.001864)
Root motion applied: vec3(0.000301, 0.000000, -0.001894)
Root motion applied: vec3(0.000386, 0.000000, -0.001814)
Root motion applied: vec3(0.000502, 0.000000, -0.001793)
Root motion applied: vec3(0.000595, 0.000000, -0.001793)
Root motion applied: vec3(0.000631, 0.000000, -0.001817)
Root motion applied: vec3(0.000598, 0.000000, -0.001735)

[BONE DEBUG] Frame 480:
  B0 pos=vec3(-3.147366, -103.706566, 12.094796) scale=(1, 1, 1)
  B1 pos=vec3(-2.056308, -102.785141, 20.051983) scale=(1, 1, 1)
  B2 pos=vec3(-0.999008, -121.828674, 26.088556) scale=(1, 1, 1)
[LEG WORLD POS]
  W B55=vec3(-15.087070, -6.893042, 4.174611)
  W B56=vec3(-13.034572, 37.195877, -0.384303)
  W B57=vec3(-17.427103, 77.249023, -19.336313)
  W B58=vec3(-13.304257, 76.726761, -6.159246)
  W B59=vec3(-11.401546, 70.601181, 0.544524)
  W B60=vec3(1.241838, -6.402839, 2.562865)
  W B61=vec3(-2.883369, 37.472698, -2.608474)
  W B62=vec3(-6.849770, 77.723801, -21.232340)
  W B63=vec3(-5.216374, 78.342918, -7.526339)
  W B64=vec3(-4.157169, 69.245575, -6.042950)
Root motion applied: vec3(0.000650, 0.000000, -0.001681)
[DEBUG] Time: 237.875 / 430 | Bone matrices (first 5): B0 B1 B2 B3 B4 
Root motion applied: vec3(0.000672, 0.000000, -0.001485)
Root motion applied: vec3(0.000760, 0.000000, -0.001399)
Root motion applied: vec3(0.000738, 0.000000, -0.001080)
Root motion applied: vec3(0.000807, 0.000000, -0.000889)
Root motion applied: vec3(0.000777, 0.000000, -0.000571)
Root motion applied: vec3(0.000804, 0.000000, -0.000388)
Root motion applied: vec3(0.000816, 0.000000, -0.000205)
Root motion applied: vec3(0.000865, 0.000000, -0.000079)
Root motion applied: vec3(0.000811, 0.000000, -0.000042)
Root motion applied: vec3(0.000812, 0.000000, -0.000008)
Root motion applied: vec3(0.000822, 0.000000, 0.000010)
Root motion applied: vec3(0.000766, 0.000000, -0.000033)
Root motion applied: vec3(0.000698, 0.000000, -0.000104)
Root motion applied: vec3(0.000613, 0.000000, -0.000102)
Root motion applied: vec3(0.000659, 0.000000, -0.000055)
Root motion applied: vec3(0.000621, 0.000000, -0.000048)
Root motion applied: vec3(0.000586, 0.000000, -0.000027)
Root motion applied: vec3(0.000546, 0.000000, 0.000005)
Root motion applied: vec3(0.000529, 0.000000, 0.000074)
Root motion applied: vec3(0.000598, 0.000000, 0.000211)
Root motion applied: vec3(0.000654, 0.000000, 0.000328)
Root motion applied: vec3(0.000689, 0.000000, 0.000431)
Root motion applied: vec3(0.000739, 0.000000, 0.000496)
Root motion applied: vec3(0.000651, 0.000000, 0.000450)
Root motion applied: vec3(0.000686, 0.000000, 0.000537)
Root motion applied: vec3(0.000826, 0.000000, 0.000674)
Root motion applied: vec3(0.000834, 0.000000, 0.000673)
Root motion applied: vec3(0.000921, 0.000000, 0.000753)
Root motion applied: vec3(0.000917, 0.000000, 0.000789)
Root motion applied: vec3(0.000842, 0.000000, 0.000804)
[DEBUG] Time: 267.859 / 430 | Bone matrices (first 5): B0 B1 B2 B3 B4 
Root motion applied: vec3(0.000882, 0.000000, 0.000900)
Root motion applied: vec3(0.000825, 0.000000, 0.000854)
Root motion applied: vec3(0.000729, 0.000000, 0.000847)
Root motion applied: vec3(0.000715, 0.000000, 0.000995)
Root motion applied: vec3(0.000656, 0.000000, 0.001062)
Root motion applied: vec3(0.000573, 0.000000, 0.001018)
Root motion applied: vec3(0.000564, 0.000000, 0.001162)
Root motion applied: vec3(0.000327, 0.000000, 0.000827)
Root motion applied: vec3(0.000408, 0.000000, 0.001117)
Root motion applied: vec3(0.000389, 0.000000, 0.001277)
Root motion applied: vec3(0.000309, 0.000000, 0.001421)
Root motion applied: vec3(0.000223, 0.000000, 0.001505)
Root motion applied: vec3(0.000131, 0.000000, 0.001425)
Root motion applied: vec3(0.000070, 0.000000, 0.001330)
Root motion applied: vec3(0.000075, 0.000000, 0.001286)
Root motion applied: vec3(-0.000081, 0.000000, 0.000977)
Root motion applied: vec3(-0.000284, 0.000000, 0.000783)
Root motion applied: vec3(-0.000297, 0.000000, 0.000670)
Root motion applied: vec3(-0.000245, 0.000000, 0.000577)
Root motion applied: vec3(-0.000245, 0.000000, 0.000446)
Root motion applied: vec3(-0.000298, 0.000000, 0.000309)
Root motion applied: vec3(-0.000291, 0.000000, 0.000256)
Root motion applied: vec3(-0.000252, 0.000000, 0.000233)
Root motion applied: vec3(-0.000205, 0.000000, 0.000198)
Root motion applied: vec3(-0.000100, 0.000000, 0.000198)
Root motion applied: vec3(-0.000008, 0.000000, 0.000193)
Root motion applied: vec3(0.000057, 0.000000, 0.000197)
Root motion applied: vec3(0.000151, 0.000000, 0.000214)
Root motion applied: vec3(0.000253, 0.000000, 0.000205)

[BONE DEBUG] Frame 600:
  B0 pos=vec3(-1.214899, -103.651024, 17.043522) scale=(1, 1, 1)
  B1 pos=vec3(3.058809, -101.936943, 26.702782) scale=(1, 1, 1)
  B2 pos=vec3(4.995692, -120.605263, 33.627831) scale=(1, 1, 1)
[LEG WORLD POS]
  W B55=vec3(-13.282412, -7.088355, 6.642941)
  W B56=vec3(-12.941234, 36.074024, -3.639114)
  W B57=vec3(-18.305048, 74.718536, -25.099747)
  W B58=vec3(-12.542049, 75.464287, -12.564299)
  W B59=vec3(-9.740766, 70.011497, -5.599857)
  W B60=vec3(2.840693, -6.799598, 3.571570)
  W B61=vec3(-1.952930, 36.420639, -5.251791)
  W B62=vec3(-7.627450, 75.372696, -26.066813)
  W B63=vec3(-4.116267, 76.911552, -12.792429)
  W B64=vec3(-2.217933, 68.037712, -10.859787)
Root motion applied: vec3(0.000318, 0.000000, 0.000149)
[DEBUG] Time: 297.86 / 430 | Bone matrices (first 5): B0 B1 B2 B3 B4 
Root motion applied: vec3(0.000358, 0.000000, 0.000119)
Root motion applied: vec3(0.000325, 0.000000, 0.000109)
Root motion applied: vec3(0.000284, 0.000000, 0.000070)
Root motion applied: vec3(0.000256, 0.000000, 0.000031)
Root motion applied: vec3(0.000214, 0.000000, 0.000005)
Root motion applied: vec3(0.000180, 0.000000, -0.000008)
Root motion applied: vec3(0.000105, 0.000000, -0.000054)
Root motion applied: vec3(-0.000025, 0.000000, -0.000118)
Root motion applied: vec3(-0.000112, 0.000000, -0.000164)
Root motion applied: vec3(-0.000192, 0.000000, -0.000151)
Root motion applied: vec3(-0.000334, 0.000000, -0.000164)
Root motion applied: vec3(-0.000473, 0.000000, -0.000197)
Root motion applied: vec3(-0.000566, 0.000000, -0.000194)
Root motion applied: vec3(-0.000632, 0.000000, -0.000206)
Root motion applied: vec3(-0.000706, 0.000000, -0.000258)
Root motion applied: vec3(-0.000773, 0.000000, -0.000325)
Root motion applied: vec3(-0.000857, 0.000000, -0.000383)
Root motion applied: vec3(-0.000898, 0.000000, -0.000430)
Root motion applied: vec3(-0.000911, 0.000000, -0.000503)
Root motion applied: vec3(-0.000849, 0.000000, -0.000571)
Root motion applied: vec3(-0.000871, 0.000000, -0.000700)
Root motion applied: vec3(-0.000857, 0.000000, -0.000751)
Root motion applied: vec3(-0.000900, 0.000000, -0.000764)
Root motion applied: vec3(-0.000969, 0.000000, -0.000782)
Root motion applied: vec3(-0.001012, 0.000000, -0.000766)
Root motion applied: vec3(-0.001060, 0.000000, -0.000713)
Root motion applied: vec3(-0.001107, 0.000000, -0.000663)
Root motion applied: vec3(-0.001136, 0.000000, -0.000612)
Root motion applied: vec3(-0.001142, 0.000000, -0.000558)
Root motion applied: vec3(-0.001113, 0.000000, -0.000499)
[DEBUG] Time: 327.79 / 430 | Bone matrices (first 5): B0 B1 B2 B3 B4 
Root motion applied: vec3(-0.001031, 0.000000, -0.000420)
Root motion applied: vec3(-0.001066, 0.000000, -0.000446)
Root motion applied: vec3(-0.001031, 0.000000, -0.000507)
Root motion applied: vec3(-0.000953, 0.000000, -0.000568)
Root motion applied: vec3(-0.000884, 0.000000, -0.000617)
Root motion applied: vec3(-0.000821, 0.000000, -0.000619)
Root motion applied: vec3(-0.000863, 0.000000, -0.000685)
Root motion applied: vec3(-0.000616, 0.000000, -0.000523)
Root motion applied: vec3(-0.000687, 0.000000, -0.000572)
Root motion applied: vec3(-0.000699, 0.000000, -0.000504)
Root motion applied: vec3(-0.000705, 0.000000, -0.000332)
Root motion applied: vec3(-0.000744, 0.000000, -0.000105)
Root motion applied: vec3(-0.000845, 0.000000, 0.000150)
Root motion applied: vec3(-0.000974, 0.000000, 0.000364)
Root motion applied: vec3(-0.001050, 0.000000, 0.000491)
Root motion applied: vec3(-0.001042, 0.000000, 0.000565)
Root motion applied: vec3(-0.000956, 0.000000, 0.000542)
Root motion applied: vec3(-0.000859, 0.000000, 0.000434)
Root motion applied: vec3(-0.000665, 0.000000, 0.000213)
Root motion applied: vec3(-0.000449, 0.000000, -0.000054)
Root motion applied: vec3(-0.000215, 0.000000, -0.000395)
Root motion applied: vec3(-0.000011, 0.000000, -0.000629)
Root motion applied: vec3(0.000094, 0.000000, -0.000817)
Root motion applied: vec3(0.000180, 0.000000, -0.001004)
Root motion applied: vec3(0.000256, 0.000000, -0.001132)
Root motion applied: vec3(0.000208, 0.000000, -0.001296)
Root motion applied: vec3(0.000016, 0.000000, -0.001331)
Root motion applied: vec3(-0.000116, 0.000000, -0.001300)
Root motion applied: vec3(-0.000200, 0.000000, -0.001267)

[BONE DEBUG] Frame 720:
  B0 pos=vec3(-3.214211, -103.475967, 15.668121) scale=(1, 1, 1)
  B1 pos=vec3(0.464178, -101.977318, 24.306732) scale=(1, 1, 1)
  B2 pos=vec3(2.662952, -120.689583, 31.032116) scale=(1, 1, 1)
[LEG WORLD POS]
  W B55=vec3(-15.427752, -6.879531, 5.763474)
  W B56=vec3(-17.625175, 36.270317, -4.340459)
  W B57=vec3(-25.713894, 75.359062, -24.072899)
  W B58=vec3(-17.558489, 75.873047, -12.931494)
  W B59=vec3(-13.772776, 70.329201, -6.526990)
  W B60=vec3(0.391049, -6.723721, 1.380268)
  W B61=vec3(-6.039020, 36.614704, -5.637969)
  W B62=vec3(-14.193987, 76.209518, -24.305485)
  W B63=vec3(-8.517448, 77.756348, -11.803886)
  W B64=vec3(-6.154093, 68.937523, -10.152609)
Root motion applied: vec3(-0.000346, 0.000000, -0.001092)
[DEBUG] Time: 357.77 / 430 | Bone matrices (first 5): B0 B1 B2 B3 B4 
Root motion applied: vec3(-0.000419, 0.000000, -0.000759)
Root motion applied: vec3(-0.000384, 0.000000, -0.000519)
Root motion applied: vec3(-0.000413, 0.000000, -0.000279)
Root motion applied: vec3(-0.000506, 0.000000, -0.000103)
Root motion applied: vec3(-0.000585, 0.000000, -0.000020)
Root motion applied: vec3(-0.000727, 0.000000, 0.000001)
Root motion applied: vec3(-0.000885, 0.000000, 0.000060)
Root motion applied: vec3(-0.000915, 0.000000, 0.000163)
Root motion applied: vec3(-0.000969, 0.000000, 0.000300)
Root motion applied: vec3(-0.001136, 0.000000, 0.000403)
Root motion applied: vec3(-0.001211, 0.000000, 0.000403)
Root motion applied: vec3(-0.001133, 0.000000, 0.000362)
Root motion applied: vec3(-0.000910, 0.000000, 0.000327)
Root motion applied: vec3(-0.000745, 0.000000, 0.000360)
Root motion applied: vec3(-0.000554, 0.000000, 0.000313)
Root motion applied: vec3(-0.000311, 0.000000, 0.000267)
Root motion applied: vec3(0.000017, 0.000000, 0.000233)
Root motion applied: vec3(0.000229, 0.000000, 0.000204)
Root motion applied: vec3(0.000307, 0.000000, 0.000184)
Root motion applied: vec3(0.000315, 0.000000, 0.000115)
Root motion applied: vec3(0.000303, 0.000000, -0.000023)
Root motion applied: vec3(0.000244, 0.000000, -0.000085)
Root motion applied: vec3(0.000107, 0.000000, -0.000098)
Root motion applied: vec3(-0.000008, 0.000000, -0.000141)
Root motion applied: vec3(-0.000177, 0.000000, -0.000117)
Root motion applied: vec3(-0.000336, 0.000000, -0.000112)
Root motion applied: vec3(-0.000445, 0.000000, -0.000118)
Root motion applied: vec3(-0.000440, 0.000000, -0.000077)
Root motion applied: vec3(-0.000397, 0.000000, -0.000098)
Root motion applied: vec3(-0.000282, 0.000000, -0.000125)
[DEBUG] Time: 387.736 / 430 | Bone matrices (first 5): B0 B1 B2 B3 B4 
Root motion applied: vec3(-0.000023, 0.000000, -0.000110)
Root motion applied: vec3(0.000247, 0.000000, -0.000113)
Root motion applied: vec3(0.000546, 0.000000, -0.000000)
Root motion applied: vec3(0.000947, 0.000000, 0.000086)
Root motion applied: vec3(0.001331, 0.000000, 0.000070)
Root motion applied: vec3(0.001872, 0.000000, 0.000029)
Root motion applied: vec3(0.002630, 0.000000, -0.000166)
Root motion applied: vec3(0.002432, 0.000000, -0.000360)
Root motion applied: vec3(0.003059, 0.000000, -0.000524)
Root motion applied: vec3(0.003558, 0.000000, -0.000641)
Root motion applied: vec3(0.003831, 0.000000, -0.000901)
Root motion applied: vec3(0.004044, 0.000000, -0.001207)
Root motion applied: vec3(0.004050, 0.000000, -0.001271)
Root motion applied: vec3(0.004159, 0.000000, -0.001429)
Root motion applied: vec3(0.004074, 0.000000, -0.001700)
Root motion applied: vec3(0.003925, 0.000000, -0.002038)
Root motion applied: vec3(0.004036, 0.000000, -0.002471)
Root motion applied: vec3(0.003952, 0.000000, -0.002773)
Root motion applied: vec3(0.003955, 0.000000, -0.003076)
Root motion applied: vec3(0.004013, 0.000000, -0.003252)
Root motion applied: vec3(0.003982, 0.000000, -0.003208)
Root motion applied: vec3(0.004065, 0.000000, -0.003252)
Root motion applied: vec3(0.004054, 0.000000, -0.003248)
Root motion applied: vec3(0.004247, 0.000000, -0.003468)
Root motion applied: vec3(0.004227, 0.000000, -0.003545)
Root motion applied: vec3(0.004501, 0.000000, -0.003783)
Root motion applied: vec3(0.004346, 0.000000, -0.003569)
Root motion applied: vec3(0.004208, 0.000000, -0.003454)
Root motion applied: vec3(0.004046, 0.000000, -0.003367)

[BONE DEBUG] Frame 840:
  B0 pos=vec3(2.023046, -103.643509, 4.577157) scale=(1, 1, 1)
  B1 pos=vec3(-4.454772, -103.243759, 11.197914) scale=(1, 1, 1)
  B2 pos=vec3(-5.036126, -122.576523, 16.308720) scale=(1, 1, 1)
[LEG WORLD POS]
  W B55=vec3(-9.643594, -6.611026, -0.593082)
  W B56=vec3(-4.642105, 37.374134, 2.426557)
  W B57=vec3(-5.017374, 79.338943, -12.457665)
  W B58=vec3(-2.881533, 78.413261, 1.161696)
  W B59=vec3(-2.168023, 72.093658, 7.917215)
  W B60=vec3(6.761531, -6.031796, -0.680095)
  W B61=vec3(5.994617, 38.301884, -2.340916)
  W B62=vec3(6.396181, 80.568161, -16.345585)
  W B63=vec3(5.218444, 79.441154, -2.625216)
  W B64=vec3(5.296254, 70.198608, -1.817027)
Root motion applied: vec3(0.003829, 0.000000, -0.003232)
[DEBUG] Time: 417.71 / 430 | Bone matrices (first 5): B0 B1 B2 B3 B4 
Root motion applied: vec3(0.003707, 0.000000, -0.003146)
Root motion applied: vec3(0.003573, 0.000000, -0.002931)
Root motion applied: vec3(0.003346, 0.000000, -0.002535)
Root motion applied: vec3(0.003031, 0.000000, -0.002161)
Root motion applied: vec3(0.002672, 0.000000, -0.001893)
Root motion applied: vec3(0.002176, 0.000000, -0.001490)
Root motion applied: vec3(0.001799, 0.000000, -0.001147)
Root motion applied: vec3(0.001329, 0.000000, -0.000748)
Root motion applied: vec3(0.000932, 0.000000, -0.000321)
Root motion applied: vec3(0.000598, 0.000000, 0.000092)
Root motion applied: vec3(0.000242, 0.000000, 0.000439)
Root motion applied: vec3(-0.000129, 0.000000, 0.000743)
Root motion applied: vec3(-0.000451, 0.000000, 0.000988)
Root motion applied: vec3(-0.000565, 0.000000, 0.002038)
Root motion applied: vec3(-0.000753, 0.000000, 0.002322)
Root motion applied: vec3(-0.001005, 0.000000, 0.002104)
Root motion applied: vec3(-0.001262, 0.000000, 0.001827)
Root motion applied: vec3(-0.001457, 0.000000, 0.001524)
Root motion applied: vec3(-0.001582, 0.000000, 0.001345)
Root motion applied: vec3(-0.001631, 0.000000, 0.001261)
Root motion applied: vec3(-0.001702, 0.000000, 0.001219)
Root motion applied: vec3(-0.001662, 0.000000, 0.001117)
Root motion applied: vec3(-0.001649, 0.000000, 0.001153)
Root motion applied: vec3(-0.001669, 0.000000, 0.001297)
Root motion applied: vec3(-0.001669, 0.000000, 0.001340)
Root motion applied: vec3(-0.001700, 0.000000, 0.001415)
Root motion applied: vec3(-0.001621, 0.000000, 0.001443)
Root motion applied: vec3(-0.001722, 0.000000, 0.001606)
Root motion applied: vec3(-0.001684, 0.000000, 0.001641)
Root motion applied: vec3(-0.001704, 0.000000, 0.001718)
[DEBUG] Time: 17.6836 / 430 | Bone matrices (first 5): B0 B1 B2 B3 B4 
Root motion applied: vec3(-0.001723, 0.000000, 0.001765)
Root motion applied: vec3(-0.001690, 0.000000, 0.001672)
Root motion applied: vec3(-0.001722, 0.000000, 0.001576)
Root motion applied: vec3(-0.001810, 0.000000, 0.001557)
Root motion applied: vec3(-0.001763, 0.000000, 0.001455)
Root motion applied: vec3(-0.001717, 0.000000, 0.001348)
Root motion applied: vec3(-0.001852, 0.000000, 0.001385)
Root motion applied: vec3(-0.001644, 0.000000, 0.001159)
Root motion applied: vec3(-0.001794, 0.000000, 0.001201)
Root motion applied: vec3(-0.001828, 0.000000, 0.001174)
Root motion applied: vec3(-0.001818, 0.000000, 0.001111)
Root motion applied: vec3(-0.001863, 0.000000, 0.001106)
Root motion applied: vec3(-0.001847, 0.000000, 0.001117)
Root motion applied: vec3(-0.001740, 0.000000, 0.001100)
Root motion applied: vec3(-0.001683, 0.000000, 0.001050)
Root motion applied: vec3(-0.001728, 0.000000, 0.001020)
Root motion applied: vec3(-0.001725, 0.000000, 0.001045)
Root motion applied: vec3(-0.001675, 0.000000, 0.001033)
Root motion applied: vec3(-0.001683, 0.000000, 0.000994)
Root motion applied: vec3(-0.001725, 0.000000, 0.001046)
Root motion applied: vec3(-0.001667, 0.000000, 0.000991)
Root motion applied: vec3(-0.001481, 0.000000, 0.000741)
Root motion applied: vec3(-0.001449, 0.000000, 0.000688)
Root motion applied: vec3(-0.001484, 0.000000, 0.000739)
Root motion applied: vec3(-0.001420, 0.000000, 0.000681)
Root motion applied: vec3(-0.001433, 0.000000, 0.000647)
Root motion applied: vec3(-0.001344, 0.000000, 0.000564)
Root motion applied: vec3(-0.001335, 0.000000, 0.000518)
Root motion applied: vec3(-0.001269, 0.000000, 0.000420)

[BONE DEBUG] Frame 960:
  B0 pos=vec3(-6.394899, -103.874199, 6.788877) scale=(1, 1, 1)
  B1 pos=vec3(-1.758593, -103.032028, 17.191444) scale=(1, 1, 1)
  B2 pos=vec3(-0.694679, -122.212280, 22.777161) scale=(1, 1, 1)
[LEG WORLD POS]
  W B55=vec3(-13.526802, -6.314457, 3.726533)
  W B56=vec3(-12.851774, 38.006618, 1.723125)
  W B57=vec3(-17.240303, 80.315651, -11.445495)
  W B58=vec3(-10.743252, 79.047974, 0.682451)
  W B59=vec3(-7.795021, 72.555489, 6.618707)
  W B60=vec3(2.616235, -6.608491, 0.762228)
  W B61=vec3(-0.994693, 37.614697, 1.064429)
  W B62=vec3(-5.102318, 79.826797, -12.500071)
  W B63=vec3(-1.490123, 78.437561, 0.763706)
  W B64=vec3(-1.062448, 69.187271, 1.340809)
Root motion applied: vec3(-0.001239, 0.000000, 0.000356)
[DEBUG] Time: 47.6548 / 430 | Bone matrices (first 5): B0 B1 B2 B3 B4 
Root motion applied: vec3(-0.001215, 0.000000, 0.000322)
Root motion applied: vec3(-0.001212, 0.000000, 0.000308)
Root motion applied: vec3(-0.001154, 0.000000, 0.000290)
Root motion applied: vec3(-0.001125, 0.000000, 0.000255)
Root motion applied: vec3(-0.001127, 0.000000, 0.000249)
Root motion applied: vec3(-0.001123, 0.000000, 0.000278)
Root motion applied: vec3(-0.001081, 0.000000, 0.000253)
Root motion applied: vec3(-0.001035, 0.000000, 0.000205)
Root motion applied: vec3(-0.001050, 0.000000, 0.000204)
Root motion applied: vec3(-0.001083, 0.000000, 0.000181)
Root motion applied: vec3(-0.000999, 0.000000, 0.000096)
Root motion applied: vec3(-0.001029, 0.000000, 0.000074)
Root motion applied: vec3(-0.000993, 0.000000, 0.000106)
Root motion applied: vec3(-0.000958, 0.000000, 0.000125)
Root motion applied: vec3(-0.000958, 0.000000, 0.000084)
Root motion applied: vec3(-0.000944, 0.000000, 0.000006)
Root motion applied: vec3(-0.000934, 0.000000, -0.000044)
Root motion applied: vec3(-0.000892, 0.000000, -0.000041)
Root motion applied: vec3(-0.000882, 0.000000, -0.000050)
Root motion applied: vec3(-0.000805, 0.000000, -0.000062)
Root motion applied: vec3(-0.000800, 0.000000, -0.000073)
Root motion applied: vec3(-0.000795, 0.000000, -0.000112)
Root motion applied: vec3(-0.000707, 0.000000, -0.000133)
Root motion applied: vec3(-0.000703, 0.000000, -0.000123)
Root motion applied: vec3(-0.000697, 0.000000, -0.000141)
Root motion applied: vec3(-0.000704, 0.000000, -0.000183)
Root motion applied: vec3(-0.000666, 0.000000, -0.000183)
Root motion applied: vec3(-0.000640, 0.000000, -0.000163)
Root motion applied: vec3(-0.000536, 0.000000, -0.000124)
Root motion applied: vec3(-0.000458, 0.000000, -0.000112)
[DEBUG] Time: 77.6478 / 430 | Bone matrices (first 5): B0 B1 B2 B3 B4 
Root motion applied: vec3(-0.000431, 0.000000, -0.000114)
Root motion applied: vec3(-0.000386, 0.000000, -0.000089)
Root motion applied: vec3(-0.000334, 0.000000, -0.000073)
Root motion applied: vec3(-0.000279, 0.000000, -0.000069)
Root motion applied: vec3(-0.000298, 0.000000, -0.000085)
Root motion applied: vec3(-0.000287, 0.000000, -0.000092)
Root motion applied: vec3(-0.000255, 0.000000, -0.000118)
Root motion applied: vec3(-0.000190, 0.000000, -0.000165)
Root motion applied: vec3(-0.000165, 0.000000, -0.000170)
Root motion applied: vec3(-0.000102, 0.000000, -0.000105)
Root motion applied: vec3(-0.000035, 0.000000, 0.010000)
Root motion applied: vec3(0.000018, 0.000000, -0.000117)
Root motion applied: vec3(0.000079, 0.000000, -0.000148)
Root motion applied: vec3(0.000114, 0.000000, -0.000113)
Root motion applied: vec3(0.000137, 0.000000, -0.000080)
Root motion applied: vec3(0.000202, 0.000000, -0.000062)
Root motion applied: vec3(0.000228, 0.000000, -0.000016)
Root motion applied: vec3(0.000213, 0.000000, -0.000014)
Root motion applied: vec3(0.000222, 0.000000, -0.000058)
Root motion applied: vec3(0.000225, 0.000000, -0.000040)
Root motion applied: vec3(0.000175, 0.000000, -0.000030)
Root motion applied: vec3(0.000171, 0.000000, -0.000096)
Root motion applied: vec3(0.000230, 0.000000, -0.000102)
Root motion applied: vec3(0.000231, 0.000000, -0.000047)
Root motion applied: vec3(0.000192, 0.000000, -0.000038)
Root motion applied: vec3(0.000176, 0.000000, -0.000054)
Root motion applied: vec3(0.000156, 0.000000, -0.000042)
Root motion applied: vec3(0.000105, 0.000000, -0.000035)
Root motion applied: vec3(0.000038, 0.000000, 0.010000)

[BONE DEBUG] Frame 1080:
  B0 pos=vec3(-8.052238, -103.495682, 5.259763) scale=(1, 1, 1)
  B1 pos=vec3(-1.538429, -102.637054, 16.428514) scale=(1, 1, 1)
  B2 pos=vec3(-0.485168, -121.848404, 21.908390) scale=(1, 1, 1)
[LEG WORLD POS]
  W B55=vec3(-15.293909, -5.927222, 2.790315)
  W B56=vec3(-13.769738, 38.396194, 4.182532)
  W B57=vec3(-18.444899, 80.588974, -9.257662)
  W B58=vec3(-13.775620, 78.970497, 3.645211)
  W B59=vec3(-11.573622, 72.307480, 9.714720)
  W B60=vec3(1.057429, -6.130924, 1.353862)
  W B61=vec3(-3.198234, 38.002937, 3.060170)
  W B62=vec3(-6.486067, 80.059265, -11.194118)
  W B63=vec3(-5.070057, 78.406769, 2.450292)
  W B64=vec3(-4.612155, 69.146881, 2.808888)
Root motion applied: vec3(-0.000041, 0.000000, 0.010000)
[DEBUG] Time: 107.619 / 430 | Bone matrices (first 5): B0 B1 B2 B3 B4 
Root motion applied: vec3(-0.000085, 0.000000, -0.000100)
Root motion applied: vec3(-0.000146, 0.000000, -0.000099)
Root motion applied: vec3(-0.000247, 0.000000, -0.000065)
Root motion applied: vec3(-0.000314, 0.000000, -0.000059)
Root motion applied: vec3(-0.000391, 0.000000, -0.000126)
Root motion applied: vec3(-0.000478, 0.000000, -0.000173)
Root motion applied: vec3(-0.000539, 0.000000, -0.000232)
Root motion applied: vec3(-0.000536, 0.000000, -0.000283)
Root motion applied: vec3(-0.000635, 0.000000, -0.000305)
Root motion applied: vec3(-0.000714, 0.000000, -0.000324)
Root motion applied: vec3(-0.000720, 0.000000, -0.000355)
Root motion applied: vec3(-0.000714, 0.000000, -0.000361)
Root motion applied: vec3(-0.000766, 0.000000, -0.000444)
Root motion applied: vec3(-0.000833, 0.000000, -0.000498)
Root motion applied: vec3(-0.000823, 0.000000, -0.000485)
Root motion applied: vec3(-0.000807, 0.000000, -0.000544)
Root motion applied: vec3(-0.000762, 0.000000, -0.000563)
Root motion applied: vec3(-0.000756, 0.000000, -0.000571)
Root motion applied: vec3(-0.000687, 0.000000, -0.000566)
Root motion applied: vec3(-0.000556, 0.000000, -0.000529)
Root motion applied: vec3(-0.000472, 0.000000, -0.000505)
Root motion applied: vec3(-0.000368, 0.000000, -0.000516)
Root motion applied: vec3(-0.000247, 0.000000, -0.000541)
Root motion applied: vec3(-0.000102, 0.000000, -0.000465)
Root motion applied: vec3(0.000049, 0.000000, -0.000431)
Root motion applied: vec3(0.000229, 0.000000, -0.000386)
Root motion applied: vec3(0.000414, 0.000000, -0.000347)
Root motion applied: vec3(0.000604, 0.000000, -0.000299)
Root motion applied: vec3(0.000744, 0.000000, -0.000249)
Root motion applied: vec3(0.000812, 0.000000, -0.000211)
[DEBUG] Time: 137.571 / 430 | Bone matrices (first 5): B0 B1 B2 B3 B4 
Root motion applied: vec3(0.000903, 0.000000, -0.000209)
Root motion applied: vec3(0.001000, 0.000000, -0.000193)
Root motion applied: vec3(0.001011, 0.000000, -0.000144)
Root motion applied: vec3(0.001070, 0.000000, -0.000130)
Root motion applied: vec3(0.001165, 0.000000, -0.000131)
Root motion applied: vec3(0.001219, 0.000000, -0.000105)
Root motion applied: vec3(0.001316, 0.000000, -0.000112)
Root motion applied: vec3(0.001440, 0.000000, -0.000124)
Root motion applied: vec3(0.001542, 0.000000, -0.000095)
Root motion applied: vec3(0.001656, 0.000000, -0.000139)
Root motion applied: vec3(0.001836, 0.000000, -0.000194)
Root motion applied: vec3(0.001997, 0.000000, -0.000082)
Root motion applied: vec3(0.002191, 0.000000, -0.000064)
Root motion applied: vec3(0.002413, 0.000000, -0.000065)
Root motion applied: vec3(0.002418, 0.000000, 0.000096)
Root motion applied: vec3(0.002654, 0.000000, 0.000112)
Root motion applied: vec3(0.002905, 0.000000, -0.000004)
Root motion applied: vec3(0.003122, 0.000000, -0.000079)
Root motion applied: vec3(0.003337, 0.000000, -0.000153)
Root motion applied: vec3(0.003486, 0.000000, -0.000231)
Root motion applied: vec3(0.003644, 0.000000, -0.000325)
Root motion applied: vec3(0.003898, 0.000000, -0.000515)
Root motion applied: vec3(0.003990, 0.000000, -0.000715)
Root motion applied: vec3(0.004430, 0.000000, -0.000839)
Root motion applied: vec3(0.004342, 0.000000, -0.000861)
Root motion applied: vec3(0.004447, 0.000000, -0.001083)
Root motion applied: vec3(0.004646, 0.000000, -0.001376)
Root motion applied: vec3(0.004430, 0.000000, -0.001588)
Root motion applied: vec3(0.004405, 0.000000, -0.001948)

[BONE DEBUG] Frame 1200:
  B0 pos=vec3(-3.577976, -103.315964, 6.629723) scale=(1, 1, 1)
  B1 pos=vec3(-5.496468, -102.507614, 15.579189) scale=(1, 1, 1)
  B2 pos=vec3(-6.524591, -121.676514, 21.210369) scale=(1, 1, 1)
[LEG WORLD POS]
  W B55=vec3(-10.323948, -5.905215, 0.012898)
  W B56=vec3(-6.727084, 38.311832, 0.873996)
  W B57=vec3(-5.699343, 80.158966, -14.307804)
  W B58=vec3(-5.973927, 79.328377, -0.518661)
  W B59=vec3(-6.345605, 73.050499, 6.302892)
  W B60=vec3(6.040061, -6.067536, 1.302899)
  W B61=vec3(4.500609, 38.263012, 0.183419)
  W B62=vec3(6.854555, 78.963493, -17.723534)
  W B63=vec3(3.654043, 78.133102, -4.308132)
  W B64=vec3(3.030514, 68.915001, -3.458609)
Root motion applied: vec3(0.004116, 0.000000, -0.002189)
[DEBUG] Time: 167.549 / 430 | Bone matrices (first 5): B0 B1 B2 B3 B4 
Root motion applied: vec3(0.003754, 0.000000, -0.002313)
Root motion applied: vec3(0.003340, 0.000000, -0.002300)
Root motion applied: vec3(0.002831, 0.000000, -0.002120)
Root motion applied: vec3(0.002294, 0.000000, -0.001835)
Root motion applied: vec3(0.001934, 0.000000, -0.001542)
Root motion applied: vec3(0.001618, 0.000000, -0.001162)
Root motion applied: vec3(0.001304, 0.000000, -0.000852)
Root motion applied: vec3(0.000941, 0.000000, -0.000571)
Root motion applied: vec3(0.000509, 0.000000, -0.000203)
Root motion applied: vec3(0.000150, 0.000000, 0.000143)
Root motion applied: vec3(-0.000168, 0.000000, 0.000511)
Root motion applied: vec3(-0.000489, 0.000000, 0.000977)
Root motion applied: vec3(-0.000859, 0.000000, 0.001459)
Root motion applied: vec3(-0.001298, 0.000000, 0.001757)
Root motion applied: vec3(-0.001775, 0.000000, 0.002072)
Root motion applied: vec3(-0.002137, 0.000000, 0.002403)
Root motion applied: vec3(-0.002505, 0.000000, 0.002601)
Root motion applied: vec3(-0.002931, 0.000000, 0.002568)
Root motion applied: vec3(-0.003366, 0.000000, 0.002445)
Root motion applied: vec3(-0.003881, 0.000000, 0.002404)
Root motion applied: vec3(-0.004290, 0.000000, 0.002400)
Root motion applied: vec3(-0.004618, 0.000000, 0.002555)
Root motion applied: vec3(-0.004766, 0.000000, 0.002776)
Root motion applied: vec3(-0.004916, 0.000000, 0.002941)
Root motion applied: vec3(-0.005192, 0.000000, 0.003103)
Root motion applied: vec3(-0.005217, 0.000000, 0.003210)
Root motion applied: vec3(-0.004978, 0.000000, 0.003203)
Root motion applied: vec3(-0.004966, 0.000000, 0.003215)
Root motion applied: vec3(-0.004848, 0.000000, 0.003231)
Root motion applied: vec3(-0.004658, 0.000000, 0.003324)
[DEBUG] Time: 197.52 / 430 | Bone matrices (first 5): B0 B1 B2 B3 B4 
Root motion applied: vec3(-0.004495, 0.000000, 0.003223)
Root motion applied: vec3(-0.004392, 0.000000, 0.003010)
Root motion applied: vec3(-0.004059, 0.000000, 0.002687)
Root motion applied: vec3(-0.003803, 0.000000, 0.002376)
Root motion applied: vec3(-0.003467, 0.000000, 0.002110)
Root motion applied: vec3(-0.003192, 0.000000, 0.002097)
Root motion applied: vec3(-0.003373, 0.000000, 0.002468)
Root motion applied: vec3(-0.002004, 0.000000, 0.001585)
Root motion applied: vec3(-0.002169, 0.000000, 0.001788)
Root motion applied: vec3(-0.001860, 0.000000, 0.001652)
Root motion applied: vec3(-0.001524, 0.000000, 0.001569)
Root motion applied: vec3(-0.001145, 0.000000, 0.001441)
Root motion applied: vec3(-0.000758, 0.000000, 0.001284)
Root motion applied: vec3(-0.000439, 0.000000, 0.001147)
Root motion applied: vec3(-0.000142, 0.000000, 0.001019)
Root motion applied: vec3(0.000241, 0.000000, 0.000912)
Root motion applied: vec3(0.000591, 0.000000, 0.000758)
Root motion applied: vec3(0.000847, 0.000000, 0.000500)
Root motion applied: vec3(0.000976, 0.000000, 0.000223)
Root motion applied: vec3(0.001043, 0.000000, -0.000004)
Root motion applied: vec3(0.001031, 0.000000, -0.000233)
Root motion applied: vec3(0.000945, 0.000000, -0.000455)
Root motion applied: vec3(0.000876, 0.000000, -0.000668)
Root motion applied: vec3(0.000773, 0.000000, -0.000870)
Root motion applied: vec3(0.000605, 0.000000, -0.001019)
Root motion applied: vec3(0.000536, 0.000000, -0.001263)
Root motion applied: vec3(0.000440, 0.000000, -0.001494)
Root motion applied: vec3(0.000263, 0.000000, -0.001635)
Root motion applied: vec3(0.000092, 0.000000, -0.001844)

[BONE DEBUG] Frame 1320:
  B0 pos=vec3(-5.442152, -103.723854, 15.768977) scale=(1, 1, 1)
  B1 pos=vec3(-6.015425, -102.306358, 25.764616) scale=(1, 1, 1)
  B2 pos=vec3(-5.698105, -121.109268, 32.588402) scale=(1, 1, 1)
[LEG WORLD POS]
  W B55=vec3(-15.459767, -6.921306, 5.422080)
  W B56=vec3(-13.738792, 36.645130, -2.813873)
  W B57=vec3(-17.917753, 76.222992, -22.785234)
  W B58=vec3(-14.297858, 76.429749, -9.452594)
  W B59=vec3(-12.527706, 70.678925, -2.390151)
  W B60=vec3(0.907234, -6.753139, 4.171392)
  W B61=vec3(-3.346390, 36.637192, -4.075180)
  W B62=vec3(-7.372071, 75.815094, -24.850525)
  W B63=vec3(-6.167894, 77.052628, -11.141979)
  W B64=vec3(-5.197482, 68.030472, -9.207335)
Root motion applied: vec3(-0.000003, 0.000000, -0.001981)
[DEBUG] Time: 227.507 / 430 | Bone matrices (first 5): B0 B1 B2 B3 B4 
Root motion applied: vec3(-0.000021, 0.000000, -0.002005)
Root motion applied: vec3(-0.000012, 0.000000, -0.001921)
Root motion applied: vec3(0.000093, 0.000000, -0.001966)
Root motion applied: vec3(0.000237, 0.000000, -0.001812)
Root motion applied: vec3(0.000358, 0.000000, -0.001863)
Root motion applied: vec3(0.000447, 0.000000, -0.001766)
Root motion applied: vec3(0.000563, 0.000000, -0.001803)
Root motion applied: vec3(0.000625, 0.000000, -0.001823)
Root motion applied: vec3(0.000620, 0.000000, -0.001790)
Root motion applied: vec3(0.000610, 0.000000, -0.001661)
Root motion applied: vec3(0.000666, 0.000000, -0.001571)
Root motion applied: vec3(0.000710, 0.000000, -0.001409)
Root motion applied: vec3(0.000757, 0.000000, -0.001225)
Root motion applied: vec3(0.000799, 0.000000, -0.000993)
Root motion applied: vec3(0.000766, 0.000000, -0.000672)
Root motion applied: vec3(0.000806, 0.000000, -0.000468)
Root motion applied: vec3(0.000821, 0.000000, -0.000279)
Root motion applied: vec3(0.000833, 0.000000, -0.000124)
Root motion applied: vec3(0.000851, 0.000000, -0.000051)
Root motion applied: vec3(0.000798, 0.000000, -0.000021)
Root motion applied: vec3(0.000821, 0.000000, 0.000004)
Root motion applied: vec3(0.000783, 0.000000, -0.000013)
Root motion applied: vec3(0.000729, 0.000000, -0.000075)
Root motion applied: vec3(0.000645, 0.000000, -0.000107)
Root motion applied: vec3(0.000647, 0.000000, -0.000077)
Root motion applied: vec3(0.000630, 0.000000, -0.000047)
Root motion applied: vec3(0.000605, 0.000000, -0.000037)
Root motion applied: vec3(0.000565, 0.000000, -0.000007)
Root motion applied: vec3(0.000528, 0.000000, 0.000045)
Root motion applied: vec3(0.000571, 0.000000, 0.000155)
[DEBUG] Time: 257.463 / 430 | Bone matrices (first 5): B0 B1 B2 B3 B4 
Root motion applied: vec3(0.000626, 0.000000, 0.000281)
Root motion applied: vec3(0.000678, 0.000000, 0.000392)
Root motion applied: vec3(0.000726, 0.000000, 0.000478)
Root motion applied: vec3(0.000676, 0.000000, 0.000463)
Root motion applied: vec3(0.000690, 0.000000, 0.000513)
Root motion applied: vec3(0.000743, 0.000000, 0.000600)
Root motion applied: vec3(0.000940, 0.000000, 0.000763)
Root motion applied: vec3(0.000784, 0.000000, 0.000637)
Root motion applied: vec3(0.000914, 0.000000, 0.000769)
Root motion applied: vec3(0.000898, 0.000000, 0.000820)
Root motion applied: vec3(0.000847, 0.000000, 0.000845)
Root motion applied: vec3(0.000854, 0.000000, 0.000881)
Root motion applied: vec3(0.000776, 0.000000, 0.000854)
Root motion applied: vec3(0.000715, 0.000000, 0.000926)
Root motion applied: vec3(0.000676, 0.000000, 0.001034)
Root motion applied: vec3(0.000612, 0.000000, 0.001050)
Root motion applied: vec3(0.000514, 0.000000, 0.000988)
Root motion applied: vec3(0.000433, 0.000000, 0.000985)
Root motion applied: vec3(0.000416, 0.000000, 0.001100)
Root motion applied: vec3(0.000391, 0.000000, 0.001191)
Root motion applied: vec3(0.000345, 0.000000, 0.001370)
Root motion applied: vec3(0.000259, 0.000000, 0.001494)
Root motion applied: vec3(0.000164, 0.000000, 0.001445)
Root motion applied: vec3(0.000092, 0.000000, 0.001368)
Root motion applied: vec3(0.000067, 0.000000, 0.001289)
Root motion applied: vec3(-0.000007, 0.000000, 0.001085)
Root motion applied: vec3(-0.000200, 0.000000, 0.000884)
Root motion applied: vec3(-0.000309, 0.000000, 0.000717)
Root motion applied: vec3(-0.000266, 0.000000, 0.000610)

[BONE DEBUG] Frame 1440:
  B0 pos=vec3(-1.094953, -103.773338, 15.162266) scale=(1, 1, 1)
  B1 pos=vec3(3.078326, -102.388367, 23.909847) scale=(1, 1, 1)
  B2 pos=vec3(5.005556, -121.224525, 30.367357) scale=(1, 1, 1)
[LEG WORLD POS]
  W B55=vec3(-13.245109, -7.064149, 6.339059)
  W B56=vec3(-12.473491, 36.446938, -2.322127)
  W B57=vec3(-17.475168, 75.783768, -22.578547)
  W B58=vec3(-11.827559, 75.989883, -9.970304)
  W B59=vec3(-9.133231, 70.245110, -3.201131)
  W B60=vec3(2.889259, -6.704394, 3.335075)
  W B61=vec3(-1.497514, 36.845295, -3.945214)
  W B62=vec3(-6.808121, 76.479614, -23.532150)
  W B63=vec3(-3.406337, 77.566254, -10.184759)
  W B64=vec3(-1.613098, 68.612740, -8.540744)
Root motion applied: vec3(-0.000243, 0.000000, 0.000506)
[DEBUG] Time: 287.462 / 430 | Bone matrices (first 5): B0 B1 B2 B3 B4 
Root motion applied: vec3(-0.000280, 0.000000, 0.000368)
Root motion applied: vec3(-0.000289, 0.000000, 0.000260)
Root motion applied: vec3(-0.000280, 0.000000, 0.000252)
Root motion applied: vec3(-0.000214, 0.000000, 0.000203)
Root motion applied: vec3(-0.000146, 0.000000, 0.000194)
Root motion applied: vec3(-0.000044, 0.000000, 0.000197)
Root motion applied: vec3(0.000032, 0.000000, 0.000193)
Root motion applied: vec3(0.000111, 0.000000, 0.000207)
Root motion applied: vec3(0.000221, 0.000000, 0.000219)
Root motion applied: vec3(0.000289, 0.000000, 0.000169)
Root motion applied: vec3(0.000337, 0.000000, 0.000125)
Root motion applied: vec3(0.000342, 0.000000, 0.000111)
Root motion applied: vec3(0.000306, 0.000000, 0.000090)
Root motion applied: vec3(0.000269, 0.000000, 0.000047)
Root motion applied: vec3(0.000232, 0.000000, 0.000014)
Root motion applied: vec3(0.000197, 0.000000, -0.000004)
Root motion applied: vec3(0.000135, 0.000000, -0.000033)
Root motion applied: vec3(0.000029, 0.000000, 0.010000)
Root motion applied: vec3(-0.000081, 0.000000, -0.000145)
Root motion applied: vec3(-0.000158, 0.000000, -0.000158)
Root motion applied: vec3(-0.000278, 0.000000, -0.000159)
Root motion applied: vec3(-0.000417, 0.000000, -0.000182)
Root motion applied: vec3(-0.000523, 0.000000, -0.000195)
Root motion applied: vec3(-0.000627, 0.000000, -0.000205)
Root motion applied: vec3(-0.000672, 0.000000, -0.000233)
Root motion applied: vec3(-0.000742, 0.000000, -0.000296)
Root motion applied: vec3(-0.000839, 0.000000, -0.000369)
Root motion applied: vec3(-0.000879, 0.000000, -0.000409)
Root motion applied: vec3(-0.000887, 0.000000, -0.000461)
Root motion applied: vec3(-0.000883, 0.000000, -0.000547)
[DEBUG] Time: 317.415 / 430 | Bone matrices (first 5): B0 B1 B2 B3 B4 
Root motion applied: vec3(-0.000869, 0.000000, -0.000652)
Root motion applied: vec3(-0.000886, 0.000000, -0.000758)
Root motion applied: vec3(-0.000866, 0.000000, -0.000750)
Root motion applied: vec3(-0.000926, 0.000000, -0.000762)
Root motion applied: vec3(-0.001000, 0.000000, -0.000776)
Root motion applied: vec3(-0.001035, 0.000000, -0.000733)
Root motion applied: vec3(-0.001134, 0.000000, -0.000709)
Root motion applied: vec3(-0.001095, 0.000000, -0.000613)
Root motion applied: vec3(-0.001136, 0.000000, -0.000577)
Root motion applied: vec3(-0.001132, 0.000000, -0.000524)
Root motion applied: vec3(-0.001081, 0.000000, -0.000457)
Root motion applied: vec3(-0.001024, 0.000000, -0.000419)
Root motion applied: vec3(-0.001053, 0.000000, -0.000482)
Root motion applied: vec3(-0.000990, 0.000000, -0.000548)
Root motion applied: vec3(-0.000908, 0.000000, -0.000599)
Root motion applied: vec3(-0.000840, 0.000000, -0.000619)
Root motion applied: vec3(-0.000794, 0.000000, -0.000617)
Root motion applied: vec3(-0.000735, 0.000000, -0.000604)
Root motion applied: vec3(-0.000688, 0.000000, -0.000581)
Root motion applied: vec3(-0.000694, 0.000000, -0.000536)
Root motion applied: vec3(-0.000689, 0.000000, -0.000400)
Root motion applied: vec3(-0.000733, 0.000000, -0.000202)
Root motion applied: vec3(-0.000812, 0.000000, 0.000048)
Root motion applied: vec3(-0.000915, 0.000000, 0.000285)
Root motion applied: vec3(-0.001028, 0.000000, 0.000450)
Root motion applied: vec3(-0.001045, 0.000000, 0.000535)
Root motion applied: vec3(-0.001019, 0.000000, 0.000574)
Root motion applied: vec3(-0.000882, 0.000000, 0.000475)
Root motion applied: vec3(-0.000746, 0.000000, 0.000308)

[BONE DEBUG] Frame 1560:
  B0 pos=vec3(-4.905785, -103.465332, 17.309599) scale=(1, 1, 1)
  B1 pos=vec3(-2.254589, -101.803558, 26.920860) scale=(1, 1, 1)
  B2 pos=vec3(-0.924259, -120.445221, 34.057590) scale=(1, 1, 1)
[LEG WORLD POS]
  W B55=vec3(-15.553813, -6.888141, 5.578915)
  W B56=vec3(-15.829142, 36.110615, -5.369105)
  W B57=vec3(-21.900620, 75.097885, -26.005398)
  W B58=vec3(-16.076525, 75.800026, -13.495692)
  W B59=vec3(-13.369199, 70.333282, -6.505079)
  W B60=vec3(0.656838, -6.809920, 2.994368)
  W B61=vec3(-5.018226, 36.192806, -6.353430)
  W B62=vec3(-10.903193, 75.022400, -27.338192)
  W B63=vec3(-7.921579, 76.592255, -13.938515)
  W B64=vec3(-6.324978, 67.716072, -11.759497)
Root motion applied: vec3(-0.000548, 0.000000, 0.000052)
[DEBUG] Time: 347.386 / 430 | Bone matrices (first 5): B0 B1 B2 B3 B4 
Root motion applied: vec3(-0.000295, 0.000000, -0.000250)
Root motion applied: vec3(-0.000084, 0.000000, -0.000569)
Root motion applied: vec3(0.000063, 0.000000, -0.000758)
Root motion applied: vec3(0.000148, 0.000000, -0.000927)
Root motion applied: vec3(0.000224, 0.000000, -0.001065)
Root motion applied: vec3(0.000242, 0.000000, -0.001232)
Root motion applied: vec3(0.000100, 0.000000, -0.001311)
Root motion applied: vec3(-0.000072, 0.000000, -0.001308)
Root motion applied: vec3(-0.000173, 0.000000, -0.001312)
Root motion applied: vec3(-0.000278, 0.000000, -0.001163)
Root motion applied: vec3(-0.000394, 0.000000, -0.000890)
Root motion applied: vec3(-0.000415, 0.000000, -0.000616)
Root motion applied: vec3(-0.000393, 0.000000, -0.000375)
Root motion applied: vec3(-0.000466, 0.000000, -0.000168)
Root motion applied: vec3(-0.000557, 0.000000, -0.000041)
Root motion applied: vec3(-0.000660, 0.000000, -0.000003)
Root motion applied: vec3(-0.000809, 0.000000, 0.000030)
Root motion applied: vec3(-0.000931, 0.000000, 0.000121)
Root motion applied: vec3(-0.000940, 0.000000, 0.000241)
Root motion applied: vec3(-0.001068, 0.000000, 0.000370)
Root motion applied: vec3(-0.001209, 0.000000, 0.000418)
Root motion applied: vec3(-0.001180, 0.000000, 0.000380)
Root motion applied: vec3(-0.000971, 0.000000, 0.000326)
Root motion applied: vec3(-0.000829, 0.000000, 0.000350)
Root motion applied: vec3(-0.000624, 0.000000, 0.000340)
Root motion applied: vec3(-0.000410, 0.000000, 0.000278)
Root motion applied: vec3(-0.000116, 0.000000, 0.000249)
Root motion applied: vec3(0.000158, 0.000000, 0.000217)
Root motion applied: vec3(0.000296, 0.000000, 0.000191)
Root motion applied: vec3(0.000310, 0.000000, 0.000145)
[DEBUG] Time: 377.357 / 430 | Bone matrices (first 5): B0 B1 B2 B3 B4 
Root motion applied: vec3(0.000310, 0.000000, 0.000039)
Root motion applied: vec3(0.000266, 0.000000, -0.000073)
Root motion applied: vec3(0.000170, 0.000000, -0.000095)
Root motion applied: vec3(0.000036, 0.000000, -0.000124)
Root motion applied: vec3(-0.000104, 0.000000, -0.000135)
Root motion applied: vec3(-0.000281, 0.000000, -0.000109)
Root motion applied: vec3(-0.000492, 0.000000, -0.000137)
Root motion applied: vec3(-0.000375, 0.000000, -0.000077)
Root motion applied: vec3(-0.000416, 0.000000, -0.000081)
Root motion applied: vec3(-0.000326, 0.000000, -0.000114)
Root motion applied: vec3(-0.000136, 0.000000, -0.000126)
Root motion applied: vec3(0.000138, 0.000000, -0.000102)
Root motion applied: vec3(0.000425, 0.000000, -0.000060)
Root motion applied: vec3(0.000791, 0.000000, 0.000061)
Root motion applied: vec3(0.001178, 0.000000, 0.000086)
Root motion applied: vec3(0.001630, 0.000000, 0.000046)
Root motion applied: vec3(0.002191, 0.000000, -0.000061)
Root motion applied: vec3(0.002491, 0.000000, -0.000273)
Root motion applied: vec3(0.003038, 0.000000, -0.000498)
Root motion applied: vec3(0.003365, 0.000000, -0.000598)
Root motion applied: vec3(0.003721, 0.000000, -0.000772)
Root motion applied: vec3(0.003964, 0.000000, -0.001092)
Root motion applied: vec3(0.004064, 0.000000, -0.001276)
Root motion applied: vec3(0.004116, 0.000000, -0.001349)
Root motion applied: vec3(0.004139, 0.000000, -0.001589)
Root motion applied: vec3(0.003943, 0.000000, -0.001880)
Root motion applied: vec3(0.003967, 0.000000, -0.002294)
Root motion applied: vec3(0.004082, 0.000000, -0.002724)
Root motion applied: vec3(0.004011, 0.000000, -0.003015)

[BONE DEBUG] Frame 1680:
  B0 pos=vec3(-1.116572, -103.921814, 10.578495) scale=(1, 1, 1)
  B1 pos=vec3(-5.150863, -102.973602, 19.514627) scale=(1, 1, 1)
  B2 pos=vec3(-5.262599, -121.999847, 25.695559) scale=(1, 1, 1)
[LEG WORLD POS]
  W B55=vec3(-12.576401, -7.082253, 2.276929)
  W B56=vec3(-9.089409, 36.995155, -1.444726)
  W B57=vec3(-11.127992, 77.965546, -18.765171)
  W B58=vec3(-8.244678, 77.737625, -5.254423)
  W B59=vec3(-7.008584, 71.764275, 1.736624)
  W B60=vec3(3.819805, -6.586864, 1.652251)
  W B61=vec3(1.365499, 37.276871, -4.574168)
  W B62=vec3(-0.188901, 78.267548, -21.896866)
  W B63=vec3(-0.398904, 78.589462, -8.085348)
  W B64=vec3(0.348858, 69.493271, -6.416812)
Root motion applied: vec3(0.003846, 0.000000, -0.003092)
[DEBUG] Time: 407.346 / 430 | Bone matrices (first 5): B0 B1 B2 B3 B4 
Root motion applied: vec3(0.004045, 0.000000, -0.003278)
Root motion applied: vec3(0.004064, 0.000000, -0.003255)
Root motion applied: vec3(0.004088, 0.000000, -0.003271)
Root motion applied: vec3(0.004043, 0.000000, -0.003270)
Root motion applied: vec3(0.004361, 0.000000, -0.003619)
Root motion applied: vec3(0.004267, 0.000000, -0.003596)
Root motion applied: vec3(0.004379, 0.000000, -0.003638)
Root motion applied: vec3(0.004294, 0.000000, -0.003510)
Root motion applied: vec3(0.004265, 0.000000, -0.003528)
Root motion applied: vec3(0.003874, 0.000000, -0.003253)
Root motion applied: vec3(0.003696, 0.000000, -0.003134)
Root motion applied: vec3(0.003651, 0.000000, -0.003052)
Root motion applied: vec3(0.003386, 0.000000, -0.002661)
Root motion applied: vec3(0.003195, 0.000000, -0.002321)
Root motion applied: vec3(0.002755, 0.000000, -0.001942)
Root motion applied: vec3(0.002428, 0.000000, -0.001699)
Root motion applied: vec3(0.001993, 0.000000, -0.001311)
Root motion applied: vec3(0.001507, 0.000000, -0.000896)
Root motion applied: vec3(0.001066, 0.000000, -0.000479)
Root motion applied: vec3(0.000696, 0.000000, -0.000058)
Root motion applied: vec3(0.000387, 0.000000, 0.000322)
Root motion applied: vec3(0.000010, 0.000000, 0.000628)
Root motion applied: vec3(-0.000329, 0.000000, 0.000888)
Root motion applied: vec3(-0.000636, 0.000000, 0.001851)
Root motion applied: vec3(-0.000572, 0.000000, 0.002040)
Root motion applied: vec3(-0.000915, 0.000000, 0.002214)
Root motion applied: vec3(-0.001150, 0.000000, 0.001919)
Root motion applied: vec3(-0.001403, 0.000000, 0.001654)
Root motion applied: vec3(-0.001542, 0.000000, 0.001397)
Root motion applied: vec3(-0.001628, 0.000000, 0.001290)
[DEBUG] Time: 7.30174 / 430 | Bone matrices (first 5): B0 B1 B2 B3 B4 
Root motion applied: vec3(-0.001636, 0.000000, 0.001210)
Root motion applied: vec3(-0.001699, 0.000000, 0.001167)
Root motion applied: vec3(-0.001700, 0.000000, 0.001154)
Root motion applied: vec3(-0.001616, 0.000000, 0.001202)
Root motion applied: vec3(-0.001658, 0.000000, 0.001332)
Root motion applied: vec3(-0.001689, 0.000000, 0.001377)
Root motion applied: vec3(-0.001910, 0.000000, 0.001663)
Root motion applied: vec3(-0.001413, 0.000000, 0.001302)
Root motion applied: vec3(-0.001716, 0.000000, 0.001642)
Root motion applied: vec3(-0.001726, 0.000000, 0.001721)
Root motion applied: vec3(-0.001692, 0.000000, 0.001726)
Root motion applied: vec3(-0.001717, 0.000000, 0.001736)
Root motion applied: vec3(-0.001691, 0.000000, 0.001601)
Root motion applied: vec3(-0.001761, 0.000000, 0.001545)
Root motion applied: vec3(-0.001792, 0.000000, 0.001502)
Root motion applied: vec3(-0.001750, 0.000000, 0.001404)
Root motion applied: vec3(-0.001724, 0.000000, 0.001312)
Root motion applied: vec3(-0.001754, 0.000000, 0.001271)
Root motion applied: vec3(-0.001764, 0.000000, 0.001204)
Root motion applied: vec3(-0.001811, 0.000000, 0.001180)
Root motion applied: vec3(-0.001839, 0.000000, 0.001149)
Root motion applied: vec3(-0.001839, 0.000000, 0.001098)
Root motion applied: vec3(-0.001860, 0.000000, 0.001110)
Root motion applied: vec3(-0.001807, 0.000000, 0.001121)
Root motion applied: vec3(-0.001704, 0.000000, 0.001080)
Root motion applied: vec3(-0.001687, 0.000000, 0.001019)
Root motion applied: vec3(-0.001757, 0.000000, 0.001037)
Root motion applied: vec3(-0.001681, 0.000000, 0.001039)
Root motion applied: vec3(-0.001659, 0.000000, 0.001004)

[BONE DEBUG] Frame 1800:
  B0 pos=vec3(-4.077103, -103.903557, 7.317495) scale=(1, 1, 1)
  B1 pos=vec3(-1.331061, -102.991325, 17.522688) scale=(1, 1, 1)
  B2 pos=vec3(-0.275322, -122.131630, 23.245293) scale=(1, 1, 1)
[LEG WORLD POS]
  W B55=vec3(-12.455180, -6.468850, 3.518984)
  W B56=vec3(-11.470901, 37.801682, 0.694434)
  W B57=vec3(-15.926785, 79.710045, -13.677781)
  W B58=vec3(-9.086975, 78.781898, -1.708600)
  W B59=vec3(-5.980064, 72.458687, 4.328589)
  W B60=vec3(3.623284, -6.598110, 0.211796)
  W B61=vec3(0.160885, 37.628334, -0.711218)
  W B62=vec3(-3.722976, 79.755478, -14.601735)
  W B63=vec3(0.278280, 78.670723, -1.421487)
  W B64=vec3(0.856710, 69.442223, -0.657296)
Root motion applied: vec3(-0.001753, 0.000000, 0.001036)
[DEBUG] Time: 37.2838 / 430 | Bone matrices (first 5): B0 B1 B2 B3 B4 
Root motion applied: vec3(-0.001676, 0.000000, 0.001020)
Root motion applied: vec3(-0.001564, 0.000000, 0.000857)
Root motion applied: vec3(-0.001421, 0.000000, 0.000660)
Root motion applied: vec3(-0.001461, 0.000000, 0.000716)
Root motion applied: vec3(-0.001457, 0.000000, 0.000720)
Root motion applied: vec3(-0.001403, 0.000000, 0.000646)
Root motion applied: vec3(-0.001405, 0.000000, 0.000609)
Root motion applied: vec3(-0.001358, 0.000000, 0.000543)
Root motion applied: vec3(-0.001324, 0.000000, 0.000472)
Root motion applied: vec3(-0.001200, 0.000000, 0.000358)
Root motion applied: vec3(-0.001229, 0.000000, 0.000334)
Root motion applied: vec3(-0.001211, 0.000000, 0.000311)
Root motion applied: vec3(-0.001169, 0.000000, 0.000294)
Root motion applied: vec3(-0.001138, 0.000000, 0.000274)
Root motion applied: vec3(-0.001125, 0.000000, 0.000243)
Root motion applied: vec3(-0.001151, 0.000000, 0.000270)
Root motion applied: vec3(-0.001082, 0.000000, 0.000271)
Root motion applied: vec3(-0.001043, 0.000000, 0.000220)
Root motion applied: vec3(-0.001052, 0.000000, 0.000200)
Root motion applied: vec3(-0.001041, 0.000000, 0.000193)
Root motion applied: vec3(-0.001037, 0.000000, 0.000135)
Root motion applied: vec3(-0.001033, 0.000000, 0.000073)
Root motion applied: vec3(-0.001031, 0.000000, 0.000089)
Root motion applied: vec3(-0.000968, 0.000000, 0.000124)
Root motion applied: vec3(-0.000953, 0.000000, 0.000108)
Root motion applied: vec3(-0.000954, 0.000000, 0.000038)
Root motion applied: vec3(-0.000943, 0.000000, -0.000031)
Root motion applied: vec3(-0.000915, 0.000000, -0.000050)
Root motion applied: vec3(-0.000855, 0.000000, -0.000038)
Root motion applied: vec3(-0.000871, 0.000000, -0.000062)
[DEBUG] Time: 67.2671 / 430 | Bone matrices (first 5): B0 B1 B2 B3 B4 
Root motion applied: vec3(-0.000785, 0.000000, -0.000067)
Root motion applied: vec3(-0.000790, 0.000000, -0.000090)
Root motion applied: vec3(-0.000747, 0.000000, -0.000130)
Root motion applied: vec3(-0.000685, 0.000000, -0.000132)
Root motion applied: vec3(-0.000701, 0.000000, -0.000124)
Root motion applied: vec3(-0.000717, 0.000000, -0.000171)
Root motion applied: vec3(-0.000683, 0.000000, -0.000190)
Root motion applied: vec3(-0.000737, 0.000000, -0.000193)
Root motion applied: vec3(-0.000495, 0.000000, -0.000118)
Root motion applied: vec3(-0.000486, 0.000000, -0.000112)
Root motion applied: vec3(-0.000425, 0.000000, -0.000112)
Root motion applied: vec3(-0.000424, 0.000000, -0.000107)
Root motion applied: vec3(-0.000342, 0.000000, -0.000072)
Root motion applied: vec3(-0.000293, 0.000000, -0.000069)
Root motion applied: vec3(-0.000286, 0.000000, -0.000077)
Root motion applied: vec3(-0.000295, 0.000000, -0.000091)
Root motion applied: vec3(-0.000271, 0.000000, -0.000102)
Root motion applied: vec3(-0.000206, 0.000000, -0.000137)
Root motion applied: vec3(-0.000182, 0.000000, -0.000188)
Root motion applied: vec3(-0.000135, 0.000000, -0.000139)
Root motion applied: vec3(-0.000057, 0.000000, 0.010000)
Root motion applied: vec3(-0.000002, 0.000000, 0.010000)
Root motion applied: vec3(0.000054, 0.000000, -0.000147)
Root motion applied: vec3(0.000107, 0.000000, -0.000135)
Root motion applied: vec3(0.000127, 0.000000, -0.000087)
Root motion applied: vec3(0.000166, 0.000000, -0.000068)
Root motion applied: vec3(0.000237, 0.000000, -0.000041)
Root motion applied: vec3(0.000219, 0.000000, -0.000001)
Root motion applied: vec3(0.000208, 0.000000, -0.000038)

[BONE DEBUG] Frame 1920:
  B0 pos=vec3(-8.614040, -103.528778, 5.634593) scale=(1, 1, 1)
  B1 pos=vec3(-1.722923, -102.688713, 16.441244) scale=(1, 1, 1)
  B2 pos=vec3(-0.518510, -121.894539, 21.909325) scale=(1, 1, 1)
[LEG WORLD POS]
  W B55=vec3(-15.451016, -5.929587, 3.226650)
  W B56=vec3(-14.421106, 38.424889, 3.895056)
  W B57=vec3(-19.651684, 80.622086, -9.324758)
  W B58=vec3(-13.954931, 79.042213, 3.163509)
  W B59=vec3(-11.314209, 72.397606, 9.076147)
  W B60=vec3(0.817007, -6.224207, 1.050459)
  W B61=vec3(-3.422338, 37.898354, 3.062414)
  W B62=vec3(-7.640221, 79.995514, -10.821667)
  W B63=vec3(-5.048682, 78.375565, 2.652956)
  W B64=vec3(-4.632428, 69.114471, 3.030843)
Root motion applied: vec3(0.000233, 0.000000, -0.000064)
[DEBUG] Time: 97.2296 / 430 | Bone matrices (first 5): B0 B1 B2 B3 B4 
Root motion applied: vec3(0.000202, 0.000000, -0.000020)
Root motion applied: vec3(0.000159, 0.000000, -0.000063)
Root motion applied: vec3(0.000203, 0.000000, -0.000120)
Root motion applied: vec3(0.000243, 0.000000, -0.000068)
Root motion applied: vec3(0.000212, 0.000000, -0.000031)
Root motion applied: vec3(0.000174, 0.000000, -0.000049)
Root motion applied: vec3(0.000165, 0.000000, -0.000052)
Root motion applied: vec3(0.000125, 0.000000, -0.000032)
Root motion applied: vec3(0.000073, 0.000000, 0.010000)
Root motion applied: vec3(-0.000010, 0.000000, 0.010000)
Root motion applied: vec3(-0.000076, 0.000000, -0.000083)
Root motion applied: vec3(-0.000117, 0.000000, -0.000113)
Root motion applied: vec3(-0.000196, 0.000000, -0.000079)
Root motion applied: vec3(-0.000303, 0.000000, -0.000053)
Root motion applied: vec3(-0.000346, 0.000000, -0.000086)
Root motion applied: vec3(-0.000444, 0.000000, -0.000166)
Root motion applied: vec3(-0.000543, 0.000000, -0.000208)
Root motion applied: vec3(-0.000527, 0.000000, -0.000263)
Root motion applied: vec3(-0.000586, 0.000000, -0.000308)
Root motion applied: vec3(-0.000697, 0.000000, -0.000310)
Root motion applied: vec3(-0.000724, 0.000000, -0.000343)
Root motion applied: vec3(-0.000711, 0.000000, -0.000363)
Root motion applied: vec3(-0.000736, 0.000000, -0.000389)
Root motion applied: vec3(-0.000806, 0.000000, -0.000498)
Root motion applied: vec3(-0.000841, 0.000000, -0.000490)
Root motion applied: vec3(-0.000826, 0.000000, -0.000515)
Root motion applied: vec3(-0.000758, 0.000000, -0.000556)
Root motion applied: vec3(-0.000785, 0.000000, -0.000589)
Root motion applied: vec3(-0.000708, 0.000000, -0.000555)
Root motion applied: vec3(-0.000618, 0.000000, -0.000556)
[DEBUG] Time: 127.197 / 430 | Bone matrices (first 5): B0 B1 B2 B3 B4 
Root motion applied: vec3(-0.000487, 0.000000, -0.000505)
Root motion applied: vec3(-0.000420, 0.000000, -0.000503)
Root motion applied: vec3(-0.000289, 0.000000, -0.000529)
Root motion applied: vec3(-0.000162, 0.000000, -0.000512)
Root motion applied: vec3(-0.000016, 0.000000, -0.000444)
Root motion applied: vec3(0.000156, 0.000000, -0.000397)
Root motion applied: vec3(0.000342, 0.000000, -0.000365)
Root motion applied: vec3(0.000531, 0.000000, -0.000320)
Root motion applied: vec3(0.000701, 0.000000, -0.000268)
Root motion applied: vec3(0.000800, 0.000000, -0.000223)
Root motion applied: vec3(0.000860, 0.000000, -0.000204)
Root motion applied: vec3(0.000951, 0.000000, -0.000204)
Root motion applied: vec3(0.001012, 0.000000, -0.000164)
Root motion applied: vec3(0.001050, 0.000000, -0.000129)
Root motion applied: vec3(0.001125, 0.000000, -0.000131)
Root motion applied: vec3(0.001185, 0.000000, -0.000120)
Root motion applied: vec3(0.001327, 0.000000, -0.000102)
Root motion applied: vec3(0.001386, 0.000000, -0.000126)
Root motion applied: vec3(0.001460, 0.000000, -0.000109)
Root motion applied: vec3(0.001612, 0.000000, -0.000096)
Root motion applied: vec3(0.001777, 0.000000, -0.000191)
Root motion applied: vec3(0.001906, 0.000000, -0.000159)
