./bin/run
[EXTRACT_BONE] 'hips' -> globalID=0 foundInHierarchy=YES
[EXTRACT_BONE] 'spine' -> globalID=1 foundInHierarchy=YES
[EXTRACT_BONE] 'spine1' -> globalID=2 foundInHierarchy=YES
[EXTRACT_BONE] 'spine2' -> globalID=3 foundInHierarchy=YES
[EXTRACT_BONE] 'neck' -> globalID=4 foundInHierarchy=YES
[EXTRACT_BONE] 'head' -> globalID=5 foundInHierarchy=YES
[EXTRACT_BONE] 'headtopend' -> globalID=6 foundInHierarchy=YES
[EXTRACT_BONE] 'rightshoulder' -> globalID=7 foundInHierarchy=YES
[EXTRACT_BONE] 'rightarm' -> globalID=8 foundInHierarchy=YES
[EXTRACT_BONE] 'rightforearm' -> globalID=9 foundInHierarchy=YES
[EXTRACT_BONE] 'righthand' -> globalID=10 foundInHierarchy=YES
[EXTRACT_BONE] 'righthandthumb1' -> globalID=11 foundInHierarchy=YES
[EXTRACT_BONE] 'righthandthumb2' -> globalID=12 foundInHierarchy=YES
[EXTRACT_BONE] 'righthandthumb3' -> globalID=13 foundInHierarchy=YES
[EXTRACT_BONE] 'righthandthumb4' -> globalID=14 foundInHierarchy=YES
[EXTRACT_BONE] 'righthandindex1' -> globalID=15 foundInHierarchy=YES
[EXTRACT_BONE] 'righthandindex2' -> globalID=16 foundInHierarchy=YES
[EXTRACT_BONE] 'righthandindex3' -> globalID=17 foundInHierarchy=YES
[EXTRACT_BONE] 'righthandindex4' -> globalID=18 foundInHierarchy=YES
[EXTRACT_BONE] 'righthandmiddle1' -> globalID=19 foundInHierarchy=YES
[EXTRACT_BONE] 'righthandmiddle2' -> globalID=20 foundInHierarchy=YES
[EXTRACT_BONE] 'righthandmiddle3' -> globalID=21 foundInHierarchy=YES
[EXTRACT_BONE] 'righthandmiddle4' -> globalID=22 foundInHierarchy=YES
[EXTRACT_BONE] 'righthandring1' -> globalID=23 foundInHierarchy=YES
[EXTRACT_BONE] 'righthandring2' -> globalID=24 foundInHierarchy=YES
[EXTRACT_BONE] 'righthandring3' -> globalID=25 foundInHierarchy=YES
[EXTRACT_BONE] 'righthandring4' -> globalID=26 foundInHierarchy=YES
[EXTRACT_BONE] 'righthandpinky1' -> globalID=27 foundInHierarchy=YES
[EXTRACT_BONE] 'righthandpinky2' -> globalID=28 foundInHierarchy=YES
[EXTRACT_BONE] 'righthandpinky3' -> globalID=29 foundInHierarchy=YES
[EXTRACT_BONE] 'righthandpinky4' -> globalID=30 foundInHierarchy=YES
[EXTRACT_BONE] 'leftshoulder' -> globalID=31 foundInHierarchy=YES
[EXTRACT_BONE] 'leftarm' -> globalID=32 foundInHierarchy=YES
[EXTRACT_BONE] 'leftforearm' -> globalID=33 foundInHierarchy=YES
[EXTRACT_BONE] 'lefthand' -> globalID=34 foundInHierarchy=YES
[EXTRACT_BONE] 'lefthandthumb1' -> globalID=35 foundInHierarchy=YES
[EXTRACT_BONE] 'lefthandthumb2' -> globalID=36 foundInHierarchy=YES
[EXTRACT_BONE] 'lefthandthumb3' -> globalID=37 foundInHierarchy=YES
[EXTRACT_BONE] 'lefthandthumb4' -> globalID=38 foundInHierarchy=YES
[EXTRACT_BONE] 'lefthandindex1' -> globalID=39 foundInHierarchy=YES
[EXTRACT_BONE] 'lefthandindex2' -> globalID=40 foundInHierarchy=YES
[EXTRACT_BONE] 'lefthandindex3' -> globalID=41 foundInHierarchy=YES
[EXTRACT_BONE] 'lefthandindex4' -> globalID=42 foundInHierarchy=YES
[EXTRACT_BONE] 'lefthandmiddle1' -> globalID=43 foundInHierarchy=YES
[EXTRACT_BONE] 'lefthandmiddle2' -> globalID=44 foundInHierarchy=YES
[EXTRACT_BONE] 'lefthandmiddle3' -> globalID=45 foundInHierarchy=YES
[EXTRACT_BONE] 'lefthandmiddle4' -> globalID=46 foundInHierarchy=YES
[EXTRACT_BONE] 'lefthandring1' -> globalID=47 foundInHierarchy=YES
[EXTRACT_BONE] 'lefthandring2' -> globalID=48 foundInHierarchy=YES
[EXTRACT_BONE] 'lefthandring3' -> globalID=49 foundInHierarchy=YES
[EXTRACT_BONE] 'lefthandring4' -> globalID=50 foundInHierarchy=YES
[EXTRACT_BONE] 'lefthandpinky1' -> globalID=51 foundInHierarchy=YES
[EXTRACT_BONE] 'lefthandpinky2' -> globalID=52 foundInHierarchy=YES
[EXTRACT_BONE] 'lefthandpinky3' -> globalID=53 foundInHierarchy=YES
[EXTRACT_BONE] 'lefthandpinky4' -> globalID=54 foundInHierarchy=YES
[EXTRACT_BONE] 'rightupleg' -> globalID=55 foundInHierarchy=YES
[EXTRACT_BONE] 'rightleg' -> globalID=56 foundInHierarchy=YES
[EXTRACT_BONE] 'rightfoot' -> globalID=57 foundInHierarchy=YES
[EXTRACT_BONE] 'righttoebase' -> globalID=58 foundInHierarchy=YES
[EXTRACT_BONE] 'righttoeend' -> globalID=59 foundInHierarchy=YES
[EXTRACT_BONE] 'leftupleg' -> globalID=60 foundInHierarchy=YES
[EXTRACT_BONE] 'leftleg' -> globalID=61 foundInHierarchy=YES
[EXTRACT_BONE] 'leftfoot' -> globalID=62 foundInHierarchy=YES
[EXTRACT_BONE] 'lefttoebase' -> globalID=63 foundInHierarchy=YES
[EXTRACT_BONE] 'lefttoeend' -> globalID=64 foundInHierarchy=YES
[Mesh] BuildBonePalette: Skipping per-mesh remapping (using GLOBAL bone IDs)
       Vertices will keep their global bone indices (0..64).
       Shader will use uPaletteSize = full skeleton size (65).
[Mesh] BuildBonePalette complete: vertices store GLOBAL bone IDs
[Mesh] BuildBonePalette: Skipping per-mesh remapping (using GLOBAL bone IDs)
       Vertices will keep their global bone indices (0..64).
       Shader will use uPaletteSize = full skeleton size (65).
[Mesh] BuildBonePalette complete: vertices store GLOBAL bone IDs
Skeleton root bone index: 0
[globalInverseTransform] rootTransform=mat4x4((1.000000, 0.000000, 0.000000, 0.000000), (0.000000, 1.000000, 0.000000, 0.000000), (0.000000, 0.000000, 1.000000, 0.000000), (0.000000, 0.000000, 0.000000, 1.000000))
Vertices influenced by bones: 99796
Root bone index: 0
Root bone name: hips
Model loaded: assets/bot.fbx | Bones: 65 | Meshes: 2
LeftFoot index: 62
RightFoot index: 57
LeftToe index: 63
RightToe index: 58
[ANIMATION DEBUG] rightupleg rotation key times (first 3): 0, 1, 2
Loaded animation: mixamo.com | duration: 430 | ticksPerSecond: 30 | Total keyframes: 47886
[ANIMATION DEBUG] rightupleg rotation key times (first 3): 0, 1, 2
Loaded animation: mixamo.com | duration: 35 | ticksPerSecond: 30 | Total keyframes: 2466
[ANIMATION DEBUG] rightupleg rotation key times (first 3): 0, 1, 2
Loaded animation: mixamo.com | duration: 16 | ticksPerSecond: 30 | Total keyframes: 1212

========== IDLE ANIMATION CHANNELS ==========
==== Animation Bone Channels ====
head | POS (431) ROT (431) SCALE (431) 
hips | POS (431) ROT (431) SCALE (431) 
leftarm | POS (431) ROT (431) SCALE (431) 
leftfoot | POS (431) ROT (431) SCALE (431) 
leftforearm | POS (431) ROT (431) SCALE (431) 
lefthand | POS (431) ROT (431) SCALE (431) 
lefthandindex1 | POS (431) ROT (431) SCALE (431) 
lefthandindex2 | POS (431) ROT (431) SCALE (431) 
lefthandindex3 | POS (431) ROT (431) SCALE (431) 
lefthandmiddle1 | POS (431) ROT (431) SCALE (431) 
lefthandmiddle2 | POS (431) ROT (431) SCALE (431) 
lefthandmiddle3 | POS (431) ROT (431) SCALE (431) 
lefthandpinky1 | POS (431) ROT (431) SCALE (431) 
lefthandpinky2 | POS (431) ROT (431) SCALE (431) 
lefthandpinky3 | POS (431) ROT (431) SCALE (431) 
lefthandring1 | POS (431) ROT (431) SCALE (431) 
lefthandring2 | POS (431) ROT (431) SCALE (431) 
lefthandring3 | POS (431) ROT (431) SCALE (431) 
lefthandthumb1 | POS (431) ROT (431) SCALE (431) 
lefthandthumb2 | POS (431) ROT (431) SCALE (431) 
lefthandthumb3 | POS (431) ROT (431) SCALE (431) 
leftleg | POS (431) ROT (431) SCALE (431) 
leftshoulder | POS (431) ROT (431) SCALE (431) 
lefttoebase | POS (431) ROT (431) SCALE (431) 
leftupleg | POS (431) ROT (431) SCALE (431) 
neck | POS (431) ROT (431) SCALE (431) 
rightarm | POS (431) ROT (431) SCALE (431) 
rightfoot | POS (431) ROT (431) SCALE (431) 
rightforearm | POS (431) ROT (431) SCALE (431) 
righthand | POS (431) ROT (431) SCALE (431) 
righthandindex1 | 
righthandindex2 | 
righthandindex3 | 
righthandmiddle1 | 
righthandmiddle2 | 
righthandmiddle3 | 
righthandpinky1 | 
righthandpinky2 | 
righthandpinky3 | 
righthandring1 | 
righthandring2 | 
righthandring3 | 
righthandthumb1 | 
righthandthumb2 | 
righthandthumb3 | 
rightleg | POS (431) ROT (431) SCALE (431) 
rightshoulder | POS (431) ROT (431) SCALE (431) 
righttoebase | POS (431) ROT (431) SCALE (431) 
rightupleg | POS (431) ROT (431) SCALE (431) 
spine | POS (431) ROT (431) SCALE (431) 
spine1 | POS (431) ROT (431) SCALE (431) 
spine2 | POS (431) ROT (431) SCALE (431) 

[CHAIN] 'hips' (B0)
  local_Y  = 0,  parentGlobal_Y=104.275,  global_Y=207.875,  offset_Y=-104.286,  final_Y=103.814

[CHAIN] 'rightupleg' (B55)
  local_Y  = 0,  parentGlobal_Y=200.828,  global_Y=200.828,  offset_Y=97.5206,  final_Y=298.68

[CHAIN] 'rightleg' (B56)
  local_Y  = 0,  parentGlobal_Y=244.968,  global_Y=244.968,  offset_Y=53.0493,  final_Y=296.383

[CHAIN] 'rightfoot' (B57)
  local_Y  = 0,  parentGlobal_Y=286.579,  global_Y=286.579,  offset_Y=7.64091,  final_Y=291.583

[CHAIN] 'hips' (B0)
  local_Y  = 0,  parentGlobal_Y=104.275,  global_Y=207.875,  offset_Y=-104.286,  final_Y=103.814

[CHAIN] 'rightupleg' (B55)
  local_Y  = 0,  parentGlobal_Y=200.828,  global_Y=200.828,  offset_Y=97.5206,  final_Y=298.68

[CHAIN] 'rightleg' (B56)
  local_Y  = 0,  parentGlobal_Y=244.968,  global_Y=244.968,  offset_Y=53.0493,  final_Y=296.383

[CHAIN] 'rightfoot' (B57)
  local_Y  = 0,  parentGlobal_Y=286.579,  global_Y=286.579,  offset_Y=7.64091,  final_Y=291.583

Hips world position: vec3(-0.164382, 207.875397, 2.359518)
Previous root position: vec3(-0.164382, 207.875397, 2.359518)
Root motion applied: vec3(-0.019726, 0.000000, 0.283142)
[Model::Draw] FIRST DRAW: finalBones.size()=65
  B0 pos=vec3(2.500507, 103.814476, 8.675107)
  B1 pos=vec3(-4.986470, 104.478989, 15.413958)
  B2 pos=vec3(-4.000673, 103.534805, 5.784305)
[Model::Draw] Mesh 0: vertices=56716, sample vertex [0] boneIDs: 0 -1 -1 -1
[Model::Draw] mesh.Draw() called for mesh 0
[Model::Draw] Mesh 1: vertices=43080, sample vertex [0] boneIDs: 0 -1 -1 -1
[Model::Draw] mesh.Draw() called for mesh 1
Hips world position: vec3(-0.181498, 207.896423, 2.432563)
Previous root position: vec3(-0.181498, 207.896423, 2.432563)
Root motion applied: vec3(-0.002054, 0.000000, 0.008765)
Hips world position: vec3(-0.188321, 207.904785, 2.461683)
Previous root position: vec3(-0.188321, 207.904785, 2.461683)
Root motion applied: vec3(-0.000819, 0.000000, 0.003494)
Hips world position: vec3(-0.192558, 207.910004, 2.479764)
Previous root position: vec3(-0.192558, 207.910004, 2.479764)
Root motion applied: vec3(-0.000508, 0.000000, 0.002170)
Hips world position: vec3(-0.197880, 207.916534, 2.502478)
Previous root position: vec3(-0.197880, 207.916534, 2.502478)
Root motion applied: vec3(-0.000639, 0.000000, 0.002726)
